<?xml version="1.0"?>
<link_info>
   <banner>MSP430 Linker PC v15.12.7.LTS</banner>
   <copyright>Copyright (c) 2003-2017 Texas Instruments Incorporated</copyright>
   <link_time>0x60b4a330</link_time>
   <link_errors>0x0</link_errors>
   <output_file>Electronic_Clock.out</output_file>
   <entry_point>
      <name>_c_int00_noargs_noexit</name>
      <address>0xd4f4</address>
   </entry_point>
   <input_file_list>
      <input_file id="fl-2">
         <path>.\</path>
         <kind>object</kind>
         <file>main.obj</file>
         <name>main.obj</name>
      </input_file>
      <input_file id="fl-3">
         <path>.\function\</path>
         <kind>object</kind>
         <file>I2C_Key.obj</file>
         <name>I2C_Key.obj</name>
      </input_file>
      <input_file id="fl-4">
         <path>.\function\</path>
         <kind>object</kind>
         <file>LCD_Display.obj</file>
         <name>LCD_Display.obj</name>
      </input_file>
      <input_file id="fl-5">
         <path>.\function\</path>
         <kind>object</kind>
         <file>Sec_Clock.obj</file>
         <name>Sec_Clock.obj</name>
      </input_file>
      <input_file id="fl-6">
         <path>.\src\</path>
         <kind>object</kind>
         <file>DAC8411.obj</file>
         <name>DAC8411.obj</name>
      </input_file>
      <input_file id="fl-7">
         <path>.\src\</path>
         <kind>object</kind>
         <file>HT1621.obj</file>
         <name>HT1621.obj</name>
      </input_file>
      <input_file id="fl-8">
         <path>.\src\</path>
         <kind>object</kind>
         <file>I2C.obj</file>
         <name>I2C.obj</name>
      </input_file>
      <input_file id="fl-9">
         <path>.\src\</path>
         <kind>object</kind>
         <file>LCD_128.obj</file>
         <name>LCD_128.obj</name>
      </input_file>
      <input_file id="fl-a">
         <path>.\src\</path>
         <kind>object</kind>
         <file>TCA6416A.obj</file>
         <name>TCA6416A.obj</name>
      </input_file>
      <input_file id="fl-f">
         <kind>object</kind>
         <file>&lt;internal&gt;</file>
         <name>&lt;internal&gt;</name>
      </input_file>
      <input_file id="fl-25">
         <path>D:\soft\TI-CCS_IDE\ccsv6\tools\compiler\ti-cgt-msp430_15.12.7.LTS\lib\</path>
         <kind>archive</kind>
         <file>rts430_eabi.lib</file>
         <name>asr16.obj</name>
      </input_file>
      <input_file id="fl-26">
         <path>D:\soft\TI-CCS_IDE\ccsv6\tools\compiler\ti-cgt-msp430_15.12.7.LTS\lib\</path>
         <kind>archive</kind>
         <file>rts430_eabi.lib</file>
         <name>boot.obj</name>
      </input_file>
      <input_file id="fl-27">
         <path>D:\soft\TI-CCS_IDE\ccsv6\tools\compiler\ti-cgt-msp430_15.12.7.LTS\lib\</path>
         <kind>archive</kind>
         <file>rts430_eabi.lib</file>
         <name>boot_special.obj</name>
      </input_file>
      <input_file id="fl-28">
         <path>D:\soft\TI-CCS_IDE\ccsv6\tools\compiler\ti-cgt-msp430_15.12.7.LTS\lib\</path>
         <kind>archive</kind>
         <file>rts430_eabi.lib</file>
         <name>copy_decompress_none.obj</name>
      </input_file>
      <input_file id="fl-29">
         <path>D:\soft\TI-CCS_IDE\ccsv6\tools\compiler\ti-cgt-msp430_15.12.7.LTS\lib\</path>
         <kind>archive</kind>
         <file>rts430_eabi.lib</file>
         <name>copy_decompress_rle.obj</name>
      </input_file>
      <input_file id="fl-2a">
         <path>D:\soft\TI-CCS_IDE\ccsv6\tools\compiler\ti-cgt-msp430_15.12.7.LTS\lib\</path>
         <kind>archive</kind>
         <file>rts430_eabi.lib</file>
         <name>copy_zero_init.obj</name>
      </input_file>
      <input_file id="fl-2b">
         <path>D:\soft\TI-CCS_IDE\ccsv6\tools\compiler\ti-cgt-msp430_15.12.7.LTS\lib\</path>
         <kind>archive</kind>
         <file>rts430_eabi.lib</file>
         <name>div16s.obj</name>
      </input_file>
      <input_file id="fl-2c">
         <path>D:\soft\TI-CCS_IDE\ccsv6\tools\compiler\ti-cgt-msp430_15.12.7.LTS\lib\</path>
         <kind>archive</kind>
         <file>rts430_eabi.lib</file>
         <name>div16u.obj</name>
      </input_file>
      <input_file id="fl-2d">
         <path>D:\soft\TI-CCS_IDE\ccsv6\tools\compiler\ti-cgt-msp430_15.12.7.LTS\lib\</path>
         <kind>archive</kind>
         <file>rts430_eabi.lib</file>
         <name>div32s.obj</name>
      </input_file>
      <input_file id="fl-2e">
         <path>D:\soft\TI-CCS_IDE\ccsv6\tools\compiler\ti-cgt-msp430_15.12.7.LTS\lib\</path>
         <kind>archive</kind>
         <file>rts430_eabi.lib</file>
         <name>div32u.obj</name>
      </input_file>
      <input_file id="fl-2f">
         <path>D:\soft\TI-CCS_IDE\ccsv6\tools\compiler\ti-cgt-msp430_15.12.7.LTS\lib\</path>
         <kind>archive</kind>
         <file>rts430_eabi.lib</file>
         <name>epilog.obj</name>
      </input_file>
      <input_file id="fl-30">
         <path>D:\soft\TI-CCS_IDE\ccsv6\tools\compiler\ti-cgt-msp430_15.12.7.LTS\lib\</path>
         <kind>archive</kind>
         <file>rts430_eabi.lib</file>
         <name>exit.obj</name>
      </input_file>
      <input_file id="fl-31">
         <path>D:\soft\TI-CCS_IDE\ccsv6\tools\compiler\ti-cgt-msp430_15.12.7.LTS\lib\</path>
         <kind>archive</kind>
         <file>rts430_eabi.lib</file>
         <name>exit_gvars.obj</name>
      </input_file>
      <input_file id="fl-32">
         <path>D:\soft\TI-CCS_IDE\ccsv6\tools\compiler\ti-cgt-msp430_15.12.7.LTS\lib\</path>
         <kind>archive</kind>
         <file>rts430_eabi.lib</file>
         <name>int00.obj</name>
      </input_file>
      <input_file id="fl-33">
         <path>D:\soft\TI-CCS_IDE\ccsv6\tools\compiler\ti-cgt-msp430_15.12.7.LTS\lib\</path>
         <kind>archive</kind>
         <file>rts430_eabi.lib</file>
         <name>int02.obj</name>
      </input_file>
      <input_file id="fl-34">
         <path>D:\soft\TI-CCS_IDE\ccsv6\tools\compiler\ti-cgt-msp430_15.12.7.LTS\lib\</path>
         <kind>archive</kind>
         <file>rts430_eabi.lib</file>
         <name>int03.obj</name>
      </input_file>
      <input_file id="fl-35">
         <path>D:\soft\TI-CCS_IDE\ccsv6\tools\compiler\ti-cgt-msp430_15.12.7.LTS\lib\</path>
         <kind>archive</kind>
         <file>rts430_eabi.lib</file>
         <name>int05.obj</name>
      </input_file>
      <input_file id="fl-36">
         <path>D:\soft\TI-CCS_IDE\ccsv6\tools\compiler\ti-cgt-msp430_15.12.7.LTS\lib\</path>
         <kind>archive</kind>
         <file>rts430_eabi.lib</file>
         <name>int07.obj</name>
      </input_file>
      <input_file id="fl-37">
         <path>D:\soft\TI-CCS_IDE\ccsv6\tools\compiler\ti-cgt-msp430_15.12.7.LTS\lib\</path>
         <kind>archive</kind>
         <file>rts430_eabi.lib</file>
         <name>int08.obj</name>
      </input_file>
      <input_file id="fl-38">
         <path>D:\soft\TI-CCS_IDE\ccsv6\tools\compiler\ti-cgt-msp430_15.12.7.LTS\lib\</path>
         <kind>archive</kind>
         <file>rts430_eabi.lib</file>
         <name>int11.obj</name>
      </input_file>
      <input_file id="fl-39">
         <path>D:\soft\TI-CCS_IDE\ccsv6\tools\compiler\ti-cgt-msp430_15.12.7.LTS\lib\</path>
         <kind>archive</kind>
         <file>rts430_eabi.lib</file>
         <name>int12.obj</name>
      </input_file>
      <input_file id="fl-3a">
         <path>D:\soft\TI-CCS_IDE\ccsv6\tools\compiler\ti-cgt-msp430_15.12.7.LTS\lib\</path>
         <kind>archive</kind>
         <file>rts430_eabi.lib</file>
         <name>int14.obj</name>
      </input_file>
      <input_file id="fl-3b">
         <path>D:\soft\TI-CCS_IDE\ccsv6\tools\compiler\ti-cgt-msp430_15.12.7.LTS\lib\</path>
         <kind>archive</kind>
         <file>rts430_eabi.lib</file>
         <name>isr_trap.obj</name>
      </input_file>
      <input_file id="fl-3c">
         <path>D:\soft\TI-CCS_IDE\ccsv6\tools\compiler\ti-cgt-msp430_15.12.7.LTS\lib\</path>
         <kind>archive</kind>
         <file>rts430_eabi.lib</file>
         <name>lsl16.obj</name>
      </input_file>
      <input_file id="fl-3d">
         <path>D:\soft\TI-CCS_IDE\ccsv6\tools\compiler\ti-cgt-msp430_15.12.7.LTS\lib\</path>
         <kind>archive</kind>
         <file>rts430_eabi.lib</file>
         <name>lsr16.obj</name>
      </input_file>
      <input_file id="fl-3e">
         <path>D:\soft\TI-CCS_IDE\ccsv6\tools\compiler\ti-cgt-msp430_15.12.7.LTS\lib\</path>
         <kind>archive</kind>
         <file>rts430_eabi.lib</file>
         <name>memcpy.obj</name>
      </input_file>
      <input_file id="fl-3f">
         <path>D:\soft\TI-CCS_IDE\ccsv6\tools\compiler\ti-cgt-msp430_15.12.7.LTS\lib\</path>
         <kind>archive</kind>
         <file>rts430_eabi.lib</file>
         <name>memset.obj</name>
      </input_file>
      <input_file id="fl-40">
         <path>D:\soft\TI-CCS_IDE\ccsv6\tools\compiler\ti-cgt-msp430_15.12.7.LTS\lib\</path>
         <kind>archive</kind>
         <file>rts430_eabi.lib</file>
         <name>mpu_init.obj</name>
      </input_file>
      <input_file id="fl-41">
         <path>D:\soft\TI-CCS_IDE\ccsv6\tools\compiler\ti-cgt-msp430_15.12.7.LTS\lib\</path>
         <kind>archive</kind>
         <file>rts430_eabi.lib</file>
         <name>pre_init.obj</name>
      </input_file>
      <input_file id="fl-42">
         <path>D:\soft\TI-CCS_IDE\ccsv6\tools\compiler\ti-cgt-msp430_15.12.7.LTS\lib\</path>
         <kind>archive</kind>
         <file>rts430_eabi.lib</file>
         <name>_lock.obj</name>
      </input_file>
      <input_file id="fl-43">
         <path>D:\soft\TI-CCS_IDE\ccsv6\tools\compiler\ti-cgt-msp430_15.12.7.LTS\lib\</path>
         <kind>archive</kind>
         <file>rts430_eabi.lib</file>
         <name>args_main.obj</name>
      </input_file>
      <input_file id="fl-44">
         <path>D:\soft\TI-CCS_IDE\ccsv6\tools\compiler\ti-cgt-msp430_15.12.7.LTS\lib\</path>
         <kind>archive</kind>
         <file>rts430_eabi.lib</file>
         <name>autoinit.obj</name>
      </input_file>
      <input_file id="fl-45">
         <path>D:\soft\TI-CCS_IDE\ccsv6\tools\compiler\ti-cgt-msp430_15.12.7.LTS\lib\</path>
         <kind>archive</kind>
         <file>rts430_eabi.lib</file>
         <name>cpy_tbl.obj</name>
      </input_file>
      <input_file id="fl-46">
         <path>D:\soft\TI-CCS_IDE\ccsv6\tools\compiler\ti-cgt-msp430_15.12.7.LTS\lib\</path>
         <kind>archive</kind>
         <file>rts430_eabi.lib</file>
         <name>mult16.obj</name>
      </input_file>
      <input_file id="fl-47">
         <path>D:\soft\TI-CCS_IDE\ccsv6\tools\compiler\ti-cgt-msp430_15.12.7.LTS\lib\</path>
         <kind>archive</kind>
         <file>rts430_eabi.lib</file>
         <name>startup.obj</name>
      </input_file>
   </input_file_list>
   <object_component_list>
      <object_component id="oc-227">
         <name>.bss</name>
         <uninitialized>true</uninitialized>
         <run_address>0x236</run_address>
         <size>0x4</size>
         <input_file_ref idref="fl-8"/>
      </object_component>
      <object_component id="oc-2a8">
         <name>.data</name>
         <load_address>0x228</load_address>
         <run_address>0x228</run_address>
         <size>0x5</size>
         <input_file_ref idref="fl-3"/>
      </object_component>
      <object_component id="oc-195">
         <name>.data</name>
         <load_address>0x210</load_address>
         <run_address>0x210</run_address>
         <size>0xf</size>
         <input_file_ref idref="fl-4"/>
      </object_component>
      <object_component id="oc-19a">
         <name>.data</name>
         <load_address>0x21f</load_address>
         <run_address>0x21f</run_address>
         <size>0x8</size>
         <input_file_ref idref="fl-5"/>
      </object_component>
      <object_component id="oc-185">
         <name>.data</name>
         <load_address>0x232</load_address>
         <run_address>0x232</run_address>
         <size>0x3</size>
         <input_file_ref idref="fl-8"/>
      </object_component>
      <object_component id="oc-1e7">
         <name>.data:LCD_Buffer</name>
         <load_address>0x200</load_address>
         <run_address>0x200</run_address>
         <size>0x10</size>
         <input_file_ref idref="fl-9"/>
      </object_component>
      <object_component id="oc-29a">
         <name>.data</name>
         <load_address>0x22e</load_address>
         <run_address>0x22e</run_address>
         <size>0x4</size>
         <input_file_ref idref="fl-a"/>
      </object_component>
      <object_component id="oc-f1">
         <name>.stack</name>
         <uninitialized>true</uninitialized>
         <run_address>0x3b0</run_address>
         <size>0x2</size>
         <input_file_ref idref="fl-26"/>
      </object_component>
      <object_component id="oc-3ee">
         <name>.stack</name>
         <uninitialized>true</uninitialized>
         <run_address>0x3b0</run_address>
         <size>0x0</size>
      </object_component>
      <object_component id="oc-2ce">
         <name>.text:LCD_DisplayDigit</name>
         <load_address>0xc000</load_address>
         <run_address>0xc000</run_address>
         <size>0x53a</size>
         <input_file_ref idref="fl-9"/>
      </object_component>
      <object_component id="oc-20e">
         <name>.text:Display_Time</name>
         <load_address>0xc53a</load_address>
         <run_address>0xc53a</run_address>
         <size>0x134</size>
         <input_file_ref idref="fl-4"/>
      </object_component>
      <object_component id="oc-208">
         <name>.text:Display_Date</name>
         <load_address>0xc66e</load_address>
         <run_address>0xc66e</run_address>
         <size>0xfe</size>
         <input_file_ref idref="fl-4"/>
      </object_component>
      <object_component id="oc-2a9">
         <name>.text:I2C_IO11_Onclick</name>
         <load_address>0xc76c</load_address>
         <run_address>0xc76c</run_address>
         <size>0xfe</size>
         <input_file_ref idref="fl-3"/>
      </object_component>
      <object_component id="oc-1cf">
         <name>.text:HT1621_init</name>
         <load_address>0xc86a</load_address>
         <run_address>0xc86a</run_address>
         <size>0xe4</size>
         <input_file_ref idref="fl-7"/>
      </object_component>
      <object_component id="oc-202">
         <name>.text:Display_Sec_Clock</name>
         <load_address>0xc94e</load_address>
         <run_address>0xc94e</run_address>
         <size>0xc2</size>
         <input_file_ref idref="fl-5"/>
      </object_component>
      <object_component id="oc-1f0">
         <name>.text:I2C_IODect</name>
         <load_address>0xca10</load_address>
         <run_address>0xca10</run_address>
         <size>0xc2</size>
         <input_file_ref idref="fl-3"/>
      </object_component>
      <object_component id="oc-11a">
         <name>.text:Time_A</name>
         <load_address>0xcad2</load_address>
         <run_address>0xcad2</run_address>
         <size>0xc2</size>
         <input_file_ref idref="fl-4"/>
      </object_component>
      <object_component id="oc-27f">
         <name>.text:PinOUT</name>
         <load_address>0xcb94</load_address>
         <run_address>0xcb94</run_address>
         <size>0xb8</size>
         <input_file_ref idref="fl-a"/>
      </object_component>
      <object_component id="oc-39c">
         <name>.text:Get_Max_DayNum</name>
         <load_address>0xcc4c</load_address>
         <run_address>0xcc4c</run_address>
         <size>0x8a</size>
         <input_file_ref idref="fl-4"/>
      </object_component>
      <object_component id="oc-1ea">
         <name>.text:HT1621_Reflash</name>
         <load_address>0xccd6</load_address>
         <run_address>0xccd6</run_address>
         <size>0x88</size>
         <input_file_ref idref="fl-7"/>
      </object_component>
      <object_component id="oc-126">
         <name>.text:Sec_TimeA_ISR</name>
         <load_address>0xcd5e</load_address>
         <run_address>0xcd5e</run_address>
         <size>0x7e</size>
         <input_file_ref idref="fl-5"/>
      </object_component>
      <object_component id="oc-2af">
         <name>.text:I2C_IO12_Onclick</name>
         <load_address>0xcddc</load_address>
         <run_address>0xcddc</run_address>
         <size>0x70</size>
         <input_file_ref idref="fl-3"/>
      </object_component>
      <object_component id="oc-2b5">
         <name>.text:I2C_IO13_Onclick</name>
         <load_address>0xce4c</load_address>
         <run_address>0xce4c</run_address>
         <size>0x70</size>
         <input_file_ref idref="fl-3"/>
      </object_component>
      <object_component id="oc-1c9">
         <name>.text:TCA6416A_Init</name>
         <load_address>0xcebc</load_address>
         <run_address>0xcebc</run_address>
         <size>0x6e</size>
         <input_file_ref idref="fl-a"/>
      </object_component>
      <object_component id="oc-139">
         <name>.text:_auto_init</name>
         <load_address>0xcf2a</load_address>
         <run_address>0xcf2a</run_address>
         <size>0x6e</size>
         <input_file_ref idref="fl-44"/>
      </object_component>
      <object_component id="oc-153">
         <name>.text:main</name>
         <load_address>0xcf98</load_address>
         <run_address>0xcf98</run_address>
         <size>0x6e</size>
         <input_file_ref idref="fl-2"/>
      </object_component>
      <object_component id="oc-1fc">
         <name>.text:Display_Alarm</name>
         <load_address>0xd006</load_address>
         <run_address>0xd006</run_address>
         <size>0x6c</size>
         <input_file_ref idref="fl-4"/>
      </object_component>
      <object_component id="oc-102">
         <name>.text:__TI_decompress_rle_core</name>
         <load_address>0xd072</load_address>
         <run_address>0xd072</run_address>
         <size>0x64</size>
         <input_file_ref idref="fl-29"/>
      </object_component>
      <object_component id="oc-1a1">
         <name>.text:copy_in</name>
         <load_address>0xd0d6</load_address>
         <run_address>0xd0d6</run_address>
         <size>0x5a</size>
         <input_file_ref idref="fl-45"/>
      </object_component>
      <object_component id="oc-2dc">
         <name>.text</name>
         <load_address>0xd130</load_address>
         <run_address>0xd130</run_address>
         <size>0x58</size>
         <input_file_ref idref="fl-2e"/>
      </object_component>
      <object_component id="oc-1e1">
         <name>.text:PinIN</name>
         <load_address>0xd188</load_address>
         <run_address>0xd188</run_address>
         <size>0x52</size>
         <input_file_ref idref="fl-a"/>
      </object_component>
      <object_component id="oc-114">
         <name>.text:USCIAB0TX_ISR</name>
         <load_address>0xd1da</load_address>
         <run_address>0xd1da</run_address>
         <size>0x3e</size>
         <input_file_ref idref="fl-8"/>
      </object_component>
      <object_component id="oc-21a">
         <name>.text:Alarm</name>
         <load_address>0xd218</load_address>
         <run_address>0xd218</run_address>
         <size>0x3c</size>
         <input_file_ref idref="fl-4"/>
      </object_component>
      <object_component id="oc-26b">
         <name>.text:I2C_Init</name>
         <load_address>0xd254</load_address>
         <run_address>0xd254</run_address>
         <size>0x38</size>
         <input_file_ref idref="fl-8"/>
      </object_component>
      <object_component id="oc-285">
         <name>.text:HT1621_SendBit</name>
         <load_address>0xd28c</load_address>
         <run_address>0xd28c</run_address>
         <size>0x36</size>
         <input_file_ref idref="fl-7"/>
      </object_component>
      <object_component id="oc-2e9">
         <name>.text:Close_Beep</name>
         <load_address>0xd2c2</load_address>
         <run_address>0xd2c2</run_address>
         <size>0x2e</size>
         <input_file_ref idref="fl-6"/>
      </object_component>
      <object_component id="oc-2e3">
         <name>.text:Open_Beep</name>
         <load_address>0xd2f0</load_address>
         <run_address>0xd2f0</run_address>
         <size>0x2e</size>
         <input_file_ref idref="fl-6"/>
      </object_component>
      <object_component id="oc-214">
         <name>.text:Hourly_Chime</name>
         <load_address>0xd31e</load_address>
         <run_address>0xd31e</run_address>
         <size>0x2c</size>
         <input_file_ref idref="fl-4"/>
      </object_component>
      <object_component id="oc-383">
         <name>.text</name>
         <load_address>0xd34a</load_address>
         <run_address>0xd34a</run_address>
         <size>0x2c</size>
         <input_file_ref idref="fl-25"/>
      </object_component>
      <object_component id="oc-2c9">
         <name>.text</name>
         <load_address>0xd376</load_address>
         <run_address>0xd376</run_address>
         <size>0x2c</size>
         <input_file_ref idref="fl-2b"/>
      </object_component>
      <object_component id="oc-2a1">
         <name>.text</name>
         <load_address>0xd3a2</load_address>
         <run_address>0xd3a2</run_address>
         <size>0x2c</size>
         <input_file_ref idref="fl-3c"/>
      </object_component>
      <object_component id="oc-311">
         <name>.text:I2C_RxFrame</name>
         <load_address>0xd3ce</load_address>
         <run_address>0xd3ce</run_address>
         <size>0x2a</size>
         <input_file_ref idref="fl-8"/>
      </object_component>
      <object_component id="oc-305">
         <name>.text:I2C_TxFrame</name>
         <load_address>0xd3f8</load_address>
         <run_address>0xd3f8</run_address>
         <size>0x26</size>
         <input_file_ref idref="fl-8"/>
      </object_component>
      <object_component id="oc-188">
         <name>.text:I2C_TxFrame_ISR</name>
         <load_address>0xd41e</load_address>
         <run_address>0xd41e</run_address>
         <size>0x22</size>
         <input_file_ref idref="fl-8"/>
      </object_component>
      <object_component id="oc-28e">
         <name>.text:I2C_Rx_Init</name>
         <load_address>0xd440</load_address>
         <run_address>0xd440</run_address>
         <size>0x20</size>
         <input_file_ref idref="fl-8"/>
      </object_component>
      <object_component id="oc-271">
         <name>.text:I2C_Tx_Init</name>
         <load_address>0xd460</load_address>
         <run_address>0xd460</run_address>
         <size>0x20</size>
         <input_file_ref idref="fl-8"/>
      </object_component>
      <object_component id="oc-18e">
         <name>.text:I2C_RxFrame_ISR</name>
         <load_address>0xd480</load_address>
         <run_address>0xd480</run_address>
         <size>0x1e</size>
         <input_file_ref idref="fl-8"/>
      </object_component>
      <object_component id="oc-2d5">
         <name>.text:LCD_ClearSeg</name>
         <load_address>0xd49e</load_address>
         <run_address>0xd49e</run_address>
         <size>0x1e</size>
         <input_file_ref idref="fl-9"/>
      </object_component>
      <object_component id="oc-2c3">
         <name>.text:LCD_DisplaySeg</name>
         <load_address>0xd4bc</load_address>
         <run_address>0xd4bc</run_address>
         <size>0x1e</size>
         <input_file_ref idref="fl-9"/>
      </object_component>
      <object_component id="oc-332">
         <name>.text:Month_Add</name>
         <load_address>0xd4da</load_address>
         <run_address>0xd4da</run_address>
         <size>0x1a</size>
         <input_file_ref idref="fl-4"/>
      </object_component>
      <object_component id="oc-6b">
         <name>.text:_c_int00_noargs_noexit</name>
         <load_address>0xd4f4</load_address>
         <run_address>0xd4f4</run_address>
         <size>0x1a</size>
         <input_file_ref idref="fl-27"/>
      </object_component>
      <object_component id="oc-37b">
         <name>.text:Close_Alarm</name>
         <load_address>0xd50e</load_address>
         <run_address>0xd50e</run_address>
         <size>0x18</size>
         <input_file_ref idref="fl-4"/>
      </object_component>
      <object_component id="oc-34a">
         <name>.text:Open_Alarm</name>
         <load_address>0xd526</load_address>
         <run_address>0xd526</run_address>
         <size>0x18</size>
         <input_file_ref idref="fl-4"/>
      </object_component>
      <object_component id="oc-1db">
         <name>.text:Sec_TimerA_Init</name>
         <load_address>0xd53e</load_address>
         <run_address>0xd53e</run_address>
         <size>0x18</size>
         <input_file_ref idref="fl-5"/>
      </object_component>
      <object_component id="oc-294">
         <name>.text:TCA6416_Rx_Frame</name>
         <load_address>0xd556</load_address>
         <run_address>0xd556</run_address>
         <size>0x18</size>
         <input_file_ref idref="fl-a"/>
      </object_component>
      <object_component id="oc-277">
         <name>.text:TCA6416_Tx_Frame</name>
         <load_address>0xd56e</load_address>
         <run_address>0xd56e</run_address>
         <size>0x18</size>
         <input_file_ref idref="fl-a"/>
      </object_component>
      <object_component id="oc-1d5">
         <name>.text:TimerA_Init</name>
         <load_address>0xd586</load_address>
         <run_address>0xd586</run_address>
         <size>0x18</size>
         <input_file_ref idref="fl-4"/>
      </object_component>
      <object_component id="oc-32c">
         <name>.text:Day_Add</name>
         <load_address>0xd59e</load_address>
         <run_address>0xd59e</run_address>
         <size>0x16</size>
         <input_file_ref idref="fl-4"/>
      </object_component>
      <object_component id="oc-2bd">
         <name>.text:LCD_Clear</name>
         <load_address>0xd5b4</load_address>
         <run_address>0xd5b4</run_address>
         <size>0x16</size>
         <input_file_ref idref="fl-9"/>
      </object_component>
      <object_component id="oc-363">
         <name>.text:Month_Sub</name>
         <load_address>0xd5ca</load_address>
         <run_address>0xd5ca</run_address>
         <size>0x16</size>
         <input_file_ref idref="fl-4"/>
      </object_component>
      <object_component id="oc-1f6">
         <name>.text:Refresh_Sec_Clock</name>
         <load_address>0xd5e0</load_address>
         <run_address>0xd5e0</run_address>
         <size>0x16</size>
         <input_file_ref idref="fl-5"/>
      </object_component>
      <object_component id="oc-389">
         <name>.text</name>
         <load_address>0xd5f6</load_address>
         <run_address>0xd5f6</run_address>
         <size>0x16</size>
         <input_file_ref idref="fl-2c"/>
      </object_component>
      <object_component id="oc-1c3">
         <name>.text:DAC8411_Init</name>
         <load_address>0xd60c</load_address>
         <run_address>0xd60c</run_address>
         <size>0x14</size>
         <input_file_ref idref="fl-6"/>
      </object_component>
      <object_component id="oc-265">
         <name>.text:memset</name>
         <load_address>0xd620</load_address>
         <run_address>0xd620</run_address>
         <size>0x14</size>
         <input_file_ref idref="fl-3f"/>
      </object_component>
      <object_component id="oc-235">
         <name>.text</name>
         <load_address>0xd634</load_address>
         <run_address>0xd634</run_address>
         <size>0x14</size>
         <input_file_ref idref="fl-46"/>
      </object_component>
      <object_component id="oc-344">
         <name>.text:Alarm_Hour_Add</name>
         <load_address>0xd648</load_address>
         <run_address>0xd648</run_address>
         <size>0x12</size>
         <input_file_ref idref="fl-4"/>
      </object_component>
      <object_component id="oc-375">
         <name>.text:Alarm_Hour_Sub</name>
         <load_address>0xd65a</load_address>
         <run_address>0xd65a</run_address>
         <size>0x12</size>
         <input_file_ref idref="fl-4"/>
      </object_component>
      <object_component id="oc-33e">
         <name>.text:Alarm_Minute_Add</name>
         <load_address>0xd66c</load_address>
         <run_address>0xd66c</run_address>
         <size>0x12</size>
         <input_file_ref idref="fl-4"/>
      </object_component>
      <object_component id="oc-36f">
         <name>.text:Alarm_Minute_Sub</name>
         <load_address>0xd67e</load_address>
         <run_address>0xd67e</run_address>
         <size>0x12</size>
         <input_file_ref idref="fl-4"/>
      </object_component>
      <object_component id="oc-326">
         <name>.text:Hour_Add</name>
         <load_address>0xd690</load_address>
         <run_address>0xd690</run_address>
         <size>0x12</size>
         <input_file_ref idref="fl-4"/>
      </object_component>
      <object_component id="oc-320">
         <name>.text:Minute_Add</name>
         <load_address>0xd6a2</load_address>
         <run_address>0xd6a2</run_address>
         <size>0x12</size>
         <input_file_ref idref="fl-4"/>
      </object_component>
      <object_component id="oc-34">
         <name>.text:decompress:none:__TI_decompress_none</name>
         <load_address>0xd6b4</load_address>
         <run_address>0xd6b4</run_address>
         <size>0x12</size>
         <input_file_ref idref="fl-28"/>
      </object_component>
      <object_component id="oc-f5">
         <name>.text:memcpy</name>
         <load_address>0xd6c6</load_address>
         <run_address>0xd6c6</run_address>
         <size>0x12</size>
         <input_file_ref idref="fl-3e"/>
      </object_component>
      <object_component id="oc-338">
         <name>.text:Start_Sec_Clock</name>
         <load_address>0xd6d8</load_address>
         <run_address>0xd6d8</run_address>
         <size>0x10</size>
         <input_file_ref idref="fl-5"/>
      </object_component>
      <object_component id="oc-369">
         <name>.text:Stop_Sec_Clock</name>
         <load_address>0xd6e8</load_address>
         <run_address>0xd6e8</run_address>
         <size>0x10</size>
         <input_file_ref idref="fl-5"/>
      </object_component>
      <object_component id="oc-17c">
         <name>.text</name>
         <load_address>0xd6f8</load_address>
         <run_address>0xd6f8</run_address>
         <size>0x10</size>
         <input_file_ref idref="fl-2f"/>
      </object_component>
      <object_component id="oc-35d">
         <name>.text:Day_Sub</name>
         <load_address>0xd708</load_address>
         <run_address>0xd708</run_address>
         <size>0xe</size>
         <input_file_ref idref="fl-4"/>
      </object_component>
      <object_component id="oc-357">
         <name>.text:Hour_Sub</name>
         <load_address>0xd716</load_address>
         <run_address>0xd716</run_address>
         <size>0xe</size>
         <input_file_ref idref="fl-4"/>
      </object_component>
      <object_component id="oc-351">
         <name>.text:Minute_Sub</name>
         <load_address>0xd724</load_address>
         <run_address>0xd724</run_address>
         <size>0xe</size>
         <input_file_ref idref="fl-4"/>
      </object_component>
      <object_component id="oc-10f">
         <name>.text:_isr:__TI_ISR_TRAP</name>
         <load_address>0xd732</load_address>
         <run_address>0xd732</run_address>
         <size>0x8</size>
         <input_file_ref idref="fl-3b"/>
      </object_component>
      <object_component id="oc-120">
         <name>.text:watchdog_timer</name>
         <load_address>0xd73a</load_address>
         <run_address>0xd73a</run_address>
         <size>0x8</size>
         <input_file_ref idref="fl-3"/>
      </object_component>
      <object_component id="oc-15b">
         <name>.text:abort</name>
         <load_address>0xd742</load_address>
         <run_address>0xd742</run_address>
         <size>0x6</size>
         <input_file_ref idref="fl-30"/>
      </object_component>
      <object_component id="oc-3a">
         <name>.text:decompress:rle24:__TI_decompress_rle24</name>
         <load_address>0xd748</load_address>
         <run_address>0xd748</run_address>
         <size>0x6</size>
         <input_file_ref idref="fl-29"/>
      </object_component>
      <object_component id="oc-133">
         <name>.text:_system_pre_init</name>
         <load_address>0xd74e</load_address>
         <run_address>0xd74e</run_address>
         <size>0x4</size>
         <input_file_ref idref="fl-41"/>
      </object_component>
      <object_component id="oc-1a7">
         <name>.text:_system_post_cinit</name>
         <load_address>0xd752</load_address>
         <run_address>0xd752</run_address>
         <size>0x2</size>
         <input_file_ref idref="fl-47"/>
      </object_component>
      <object_component id="oc-3ed">
         <name>.cinit..data.load</name>
         <load_address>0xd754</load_address>
         <run_address>0xd754</run_address>
         <size>0x1a</size>
      </object_component>
      <object_component id="oc-3ec">
         <name>.cinit..bss.load</name>
         <load_address>0xd76e</load_address>
         <run_address>0xd76e</run_address>
         <size>0x8</size>
      </object_component>
      <object_component id="oc-3ea">
         <name>__TI_handler_table</name>
         <load_address>0xd776</load_address>
         <run_address>0xd776</run_address>
         <size>0x4</size>
      </object_component>
      <object_component id="oc-3eb">
         <name>__TI_cinit_table</name>
         <load_address>0xd77a</load_address>
         <run_address>0xd77a</run_address>
         <size>0x8</size>
      </object_component>
      <object_component id="oc-3b4">
         <name>.binit</name>
         <load_address>0xc000</load_address>
         <run_address>0xc000</run_address>
         <size>0x0</size>
      </object_component>
      <object_component id="oc-40">
         <name>.int00</name>
         <load_address>0xffe0</load_address>
         <run_address>0xffe0</run_address>
         <size>0x2</size>
         <input_file_ref idref="fl-32"/>
      </object_component>
      <object_component id="oc-41">
         <name>.int02</name>
         <load_address>0xffe4</load_address>
         <run_address>0xffe4</run_address>
         <size>0x2</size>
         <input_file_ref idref="fl-33"/>
      </object_component>
      <object_component id="oc-42">
         <name>.int03</name>
         <load_address>0xffe6</load_address>
         <run_address>0xffe6</run_address>
         <size>0x2</size>
         <input_file_ref idref="fl-34"/>
      </object_component>
      <object_component id="oc-43">
         <name>.int05</name>
         <load_address>0xffea</load_address>
         <run_address>0xffea</run_address>
         <size>0x2</size>
         <input_file_ref idref="fl-35"/>
      </object_component>
      <object_component id="oc-44">
         <name>.int06</name>
         <load_address>0xffec</load_address>
         <run_address>0xffec</run_address>
         <size>0x2</size>
         <input_file_ref idref="fl-8"/>
      </object_component>
      <object_component id="oc-45">
         <name>.int07</name>
         <load_address>0xffee</load_address>
         <run_address>0xffee</run_address>
         <size>0x2</size>
         <input_file_ref idref="fl-36"/>
      </object_component>
      <object_component id="oc-46">
         <name>.int08</name>
         <load_address>0xfff0</load_address>
         <run_address>0xfff0</run_address>
         <size>0x2</size>
         <input_file_ref idref="fl-37"/>
      </object_component>
      <object_component id="oc-47">
         <name>.int09</name>
         <load_address>0xfff2</load_address>
         <run_address>0xfff2</run_address>
         <size>0x2</size>
         <input_file_ref idref="fl-4"/>
      </object_component>
      <object_component id="oc-48">
         <name>.int10</name>
         <load_address>0xfff4</load_address>
         <run_address>0xfff4</run_address>
         <size>0x2</size>
         <input_file_ref idref="fl-3"/>
      </object_component>
      <object_component id="oc-49">
         <name>.int11</name>
         <load_address>0xfff6</load_address>
         <run_address>0xfff6</run_address>
         <size>0x2</size>
         <input_file_ref idref="fl-38"/>
      </object_component>
      <object_component id="oc-4a">
         <name>.int12</name>
         <load_address>0xfff8</load_address>
         <run_address>0xfff8</run_address>
         <size>0x2</size>
         <input_file_ref idref="fl-39"/>
      </object_component>
      <object_component id="oc-4b">
         <name>.int13</name>
         <load_address>0xfffa</load_address>
         <run_address>0xfffa</run_address>
         <size>0x2</size>
         <input_file_ref idref="fl-5"/>
      </object_component>
      <object_component id="oc-4c">
         <name>.int14</name>
         <load_address>0xfffc</load_address>
         <run_address>0xfffc</run_address>
         <size>0x2</size>
         <input_file_ref idref="fl-3a"/>
      </object_component>
      <object_component id="oc-f4">
         <name>.reset</name>
         <load_address>0xfffe</load_address>
         <run_address>0xfffe</run_address>
         <size>0x2</size>
         <input_file_ref idref="fl-26"/>
      </object_component>
      <object_component id="oc-154">
         <name>.debug_info</name>
         <load_address>0x0</load_address>
         <run_address>0x0</run_address>
         <size>0x227</size>
         <input_file_ref idref="fl-2"/>
      </object_component>
      <object_component id="oc-169">
         <name>.debug_info</name>
         <load_address>0x227</load_address>
         <run_address>0x227</run_address>
         <size>0x84</size>
         <input_file_ref idref="fl-2"/>
      </object_component>
      <object_component id="oc-121">
         <name>.debug_info</name>
         <load_address>0x2ab</load_address>
         <run_address>0x2ab</run_address>
         <size>0x121</size>
         <input_file_ref idref="fl-3"/>
      </object_component>
      <object_component id="oc-2aa">
         <name>.debug_info</name>
         <load_address>0x3cc</load_address>
         <run_address>0x3cc</run_address>
         <size>0x2b8</size>
         <input_file_ref idref="fl-3"/>
      </object_component>
      <object_component id="oc-2b0">
         <name>.debug_info</name>
         <load_address>0x684</load_address>
         <run_address>0x684</run_address>
         <size>0x266</size>
         <input_file_ref idref="fl-3"/>
      </object_component>
      <object_component id="oc-2b6">
         <name>.debug_info</name>
         <load_address>0x8ea</load_address>
         <run_address>0x8ea</run_address>
         <size>0x266</size>
         <input_file_ref idref="fl-3"/>
      </object_component>
      <object_component id="oc-1f1">
         <name>.debug_info</name>
         <load_address>0xb50</load_address>
         <run_address>0xb50</run_address>
         <size>0x1fb</size>
         <input_file_ref idref="fl-3"/>
      </object_component>
      <object_component id="oc-196">
         <name>.debug_info</name>
         <load_address>0xd4b</load_address>
         <run_address>0xd4b</run_address>
         <size>0x206</size>
         <input_file_ref idref="fl-4"/>
      </object_component>
      <object_component id="oc-39d">
         <name>.debug_info</name>
         <load_address>0xf51</load_address>
         <run_address>0xf51</run_address>
         <size>0x12c</size>
         <input_file_ref idref="fl-4"/>
      </object_component>
      <object_component id="oc-1d6">
         <name>.debug_info</name>
         <load_address>0x107d</load_address>
         <run_address>0x107d</run_address>
         <size>0x126</size>
         <input_file_ref idref="fl-4"/>
      </object_component>
      <object_component id="oc-11b">
         <name>.debug_info</name>
         <load_address>0x11a3</load_address>
         <run_address>0x11a3</run_address>
         <size>0x11d</size>
         <input_file_ref idref="fl-4"/>
      </object_component>
      <object_component id="oc-20f">
         <name>.debug_info</name>
         <load_address>0x12c0</load_address>
         <run_address>0x12c0</run_address>
         <size>0x39d</size>
         <input_file_ref idref="fl-4"/>
      </object_component>
      <object_component id="oc-209">
         <name>.debug_info</name>
         <load_address>0x165d</load_address>
         <run_address>0x165d</run_address>
         <size>0x2fb</size>
         <input_file_ref idref="fl-4"/>
      </object_component>
      <object_component id="oc-1fd">
         <name>.debug_info</name>
         <load_address>0x1958</load_address>
         <run_address>0x1958</run_address>
         <size>0x210</size>
         <input_file_ref idref="fl-4"/>
      </object_component>
      <object_component id="oc-33f">
         <name>.debug_info</name>
         <load_address>0x1b68</load_address>
         <run_address>0x1b68</run_address>
         <size>0x130</size>
         <input_file_ref idref="fl-4"/>
      </object_component>
      <object_component id="oc-370">
         <name>.debug_info</name>
         <load_address>0x1c98</load_address>
         <run_address>0x1c98</run_address>
         <size>0x130</size>
         <input_file_ref idref="fl-4"/>
      </object_component>
      <object_component id="oc-345">
         <name>.debug_info</name>
         <load_address>0x1dc8</load_address>
         <run_address>0x1dc8</run_address>
         <size>0x12d</size>
         <input_file_ref idref="fl-4"/>
      </object_component>
      <object_component id="oc-376">
         <name>.debug_info</name>
         <load_address>0x1ef5</load_address>
         <run_address>0x1ef5</run_address>
         <size>0x12f</size>
         <input_file_ref idref="fl-4"/>
      </object_component>
      <object_component id="oc-321">
         <name>.debug_info</name>
         <load_address>0x2024</load_address>
         <run_address>0x2024</run_address>
         <size>0x127</size>
         <input_file_ref idref="fl-4"/>
      </object_component>
      <object_component id="oc-327">
         <name>.debug_info</name>
         <load_address>0x214b</load_address>
         <run_address>0x214b</run_address>
         <size>0x123</size>
         <input_file_ref idref="fl-4"/>
      </object_component>
      <object_component id="oc-32d">
         <name>.debug_info</name>
         <load_address>0x226e</load_address>
         <run_address>0x226e</run_address>
         <size>0x136</size>
         <input_file_ref idref="fl-4"/>
      </object_component>
      <object_component id="oc-333">
         <name>.debug_info</name>
         <load_address>0x23a4</load_address>
         <run_address>0x23a4</run_address>
         <size>0x125</size>
         <input_file_ref idref="fl-4"/>
      </object_component>
      <object_component id="oc-352">
         <name>.debug_info</name>
         <load_address>0x24c9</load_address>
         <run_address>0x24c9</run_address>
         <size>0x127</size>
         <input_file_ref idref="fl-4"/>
      </object_component>
      <object_component id="oc-358">
         <name>.debug_info</name>
         <load_address>0x25f0</load_address>
         <run_address>0x25f0</run_address>
         <size>0x123</size>
         <input_file_ref idref="fl-4"/>
      </object_component>
      <object_component id="oc-35e">
         <name>.debug_info</name>
         <load_address>0x2713</load_address>
         <run_address>0x2713</run_address>
         <size>0x121</size>
         <input_file_ref idref="fl-4"/>
      </object_component>
      <object_component id="oc-364">
         <name>.debug_info</name>
         <load_address>0x2834</load_address>
         <run_address>0x2834</run_address>
         <size>0x125</size>
         <input_file_ref idref="fl-4"/>
      </object_component>
      <object_component id="oc-215">
         <name>.debug_info</name>
         <load_address>0x2959</load_address>
         <run_address>0x2959</run_address>
         <size>0x166</size>
         <input_file_ref idref="fl-4"/>
      </object_component>
      <object_component id="oc-21b">
         <name>.debug_info</name>
         <load_address>0x2abf</load_address>
         <run_address>0x2abf</run_address>
         <size>0x158</size>
         <input_file_ref idref="fl-4"/>
      </object_component>
      <object_component id="oc-34b">
         <name>.debug_info</name>
         <load_address>0x2c17</load_address>
         <run_address>0x2c17</run_address>
         <size>0x149</size>
         <input_file_ref idref="fl-4"/>
      </object_component>
      <object_component id="oc-37c">
         <name>.debug_info</name>
         <load_address>0x2d60</load_address>
         <run_address>0x2d60</run_address>
         <size>0x149</size>
         <input_file_ref idref="fl-4"/>
      </object_component>
      <object_component id="oc-22e">
         <name>.debug_info</name>
         <load_address>0x2ea9</load_address>
         <run_address>0x2ea9</run_address>
         <size>0x18b</size>
         <input_file_ref idref="fl-4"/>
      </object_component>
      <object_component id="oc-19b">
         <name>.debug_info</name>
         <load_address>0x3034</load_address>
         <run_address>0x3034</run_address>
         <size>0x1c3</size>
         <input_file_ref idref="fl-5"/>
      </object_component>
      <object_component id="oc-1dc">
         <name>.debug_info</name>
         <load_address>0x31f7</load_address>
         <run_address>0x31f7</run_address>
         <size>0x128</size>
         <input_file_ref idref="fl-5"/>
      </object_component>
      <object_component id="oc-127">
         <name>.debug_info</name>
         <load_address>0x331f</load_address>
         <run_address>0x331f</run_address>
         <size>0x125</size>
         <input_file_ref idref="fl-5"/>
      </object_component>
      <object_component id="oc-203">
         <name>.debug_info</name>
         <load_address>0x3444</load_address>
         <run_address>0x3444</run_address>
         <size>0x2b8</size>
         <input_file_ref idref="fl-5"/>
      </object_component>
      <object_component id="oc-1f7">
         <name>.debug_info</name>
         <load_address>0x36fc</load_address>
         <run_address>0x36fc</run_address>
         <size>0x12c</size>
         <input_file_ref idref="fl-5"/>
      </object_component>
      <object_component id="oc-339">
         <name>.debug_info</name>
         <load_address>0x3828</load_address>
         <run_address>0x3828</run_address>
         <size>0x128</size>
         <input_file_ref idref="fl-5"/>
      </object_component>
      <object_component id="oc-36a">
         <name>.debug_info</name>
         <load_address>0x3950</load_address>
         <run_address>0x3950</run_address>
         <size>0x126</size>
         <input_file_ref idref="fl-5"/>
      </object_component>
      <object_component id="oc-1c4">
         <name>.debug_info</name>
         <load_address>0x3a76</load_address>
         <run_address>0x3a76</run_address>
         <size>0x10d</size>
         <input_file_ref idref="fl-6"/>
      </object_component>
      <object_component id="oc-2e4">
         <name>.debug_info</name>
         <load_address>0x3b83</load_address>
         <run_address>0x3b83</run_address>
         <size>0x107</size>
         <input_file_ref idref="fl-6"/>
      </object_component>
      <object_component id="oc-2ea">
         <name>.debug_info</name>
         <load_address>0x3c8a</load_address>
         <run_address>0x3c8a</run_address>
         <size>0x109</size>
         <input_file_ref idref="fl-6"/>
      </object_component>
      <object_component id="oc-2a7">
         <name>.debug_info</name>
         <load_address>0x3d93</load_address>
         <run_address>0x3d93</run_address>
         <size>0x18a</size>
         <input_file_ref idref="fl-7"/>
      </object_component>
      <object_component id="oc-286">
         <name>.debug_info</name>
         <load_address>0x3f1d</load_address>
         <run_address>0x3f1d</run_address>
         <size>0x164</size>
         <input_file_ref idref="fl-7"/>
      </object_component>
      <object_component id="oc-1d0">
         <name>.debug_info</name>
         <load_address>0x4081</load_address>
         <run_address>0x4081</run_address>
         <size>0x207</size>
         <input_file_ref idref="fl-7"/>
      </object_component>
      <object_component id="oc-1eb">
         <name>.debug_info</name>
         <load_address>0x4288</load_address>
         <run_address>0x4288</run_address>
         <size>0x1b8</size>
         <input_file_ref idref="fl-7"/>
      </object_component>
      <object_component id="oc-2f3">
         <name>.debug_info</name>
         <load_address>0x4440</load_address>
         <run_address>0x4440</run_address>
         <size>0x344</size>
         <input_file_ref idref="fl-8"/>
      </object_component>
      <object_component id="oc-186">
         <name>.debug_info</name>
         <load_address>0x4784</load_address>
         <run_address>0x4784</run_address>
         <size>0x10f</size>
         <input_file_ref idref="fl-8"/>
      </object_component>
      <object_component id="oc-228">
         <name>.debug_info</name>
         <load_address>0x4893</load_address>
         <run_address>0x4893</run_address>
         <size>0xe4</size>
         <input_file_ref idref="fl-8"/>
      </object_component>
      <object_component id="oc-26c">
         <name>.debug_info</name>
         <load_address>0x4977</load_address>
         <run_address>0x4977</run_address>
         <size>0xf9</size>
         <input_file_ref idref="fl-8"/>
      </object_component>
      <object_component id="oc-272">
         <name>.debug_info</name>
         <load_address>0x4a70</load_address>
         <run_address>0x4a70</run_address>
         <size>0xff</size>
         <input_file_ref idref="fl-8"/>
      </object_component>
      <object_component id="oc-28f">
         <name>.debug_info</name>
         <load_address>0x4b6f</load_address>
         <run_address>0x4b6f</run_address>
         <size>0xff</size>
         <input_file_ref idref="fl-8"/>
      </object_component>
      <object_component id="oc-306">
         <name>.debug_info</name>
         <load_address>0x4c6e</load_address>
         <run_address>0x4c6e</run_address>
         <size>0x143</size>
         <input_file_ref idref="fl-8"/>
      </object_component>
      <object_component id="oc-312">
         <name>.debug_info</name>
         <load_address>0x4db1</load_address>
         <run_address>0x4db1</run_address>
         <size>0x143</size>
         <input_file_ref idref="fl-8"/>
      </object_component>
      <object_component id="oc-115">
         <name>.debug_info</name>
         <load_address>0x4ef4</load_address>
         <run_address>0x4ef4</run_address>
         <size>0x130</size>
         <input_file_ref idref="fl-8"/>
      </object_component>
      <object_component id="oc-189">
         <name>.debug_info</name>
         <load_address>0x5024</load_address>
         <run_address>0x5024</run_address>
         <size>0x107</size>
         <input_file_ref idref="fl-8"/>
      </object_component>
      <object_component id="oc-18f">
         <name>.debug_info</name>
         <load_address>0x512b</load_address>
         <run_address>0x512b</run_address>
         <size>0x107</size>
         <input_file_ref idref="fl-8"/>
      </object_component>
      <object_component id="oc-2a0">
         <name>.debug_info</name>
         <load_address>0x5232</load_address>
         <run_address>0x5232</run_address>
         <size>0x15b</size>
         <input_file_ref idref="fl-9"/>
      </object_component>
      <object_component id="oc-1e8">
         <name>.debug_info</name>
         <load_address>0x538d</load_address>
         <run_address>0x538d</run_address>
         <size>0xd1</size>
         <input_file_ref idref="fl-9"/>
      </object_component>
      <object_component id="oc-2be">
         <name>.debug_info</name>
         <load_address>0x545e</load_address>
         <run_address>0x545e</run_address>
         <size>0x112</size>
         <input_file_ref idref="fl-9"/>
      </object_component>
      <object_component id="oc-2c4">
         <name>.debug_info</name>
         <load_address>0x5570</load_address>
         <run_address>0x5570</run_address>
         <size>0x165</size>
         <input_file_ref idref="fl-9"/>
      </object_component>
      <object_component id="oc-2d6">
         <name>.debug_info</name>
         <load_address>0x56d5</load_address>
         <run_address>0x56d5</run_address>
         <size>0x161</size>
         <input_file_ref idref="fl-9"/>
      </object_component>
      <object_component id="oc-2cf">
         <name>.debug_info</name>
         <load_address>0x5836</load_address>
         <run_address>0x5836</run_address>
         <size>0x16d</size>
         <input_file_ref idref="fl-9"/>
      </object_component>
      <object_component id="oc-27e">
         <name>.debug_info</name>
         <load_address>0x59a3</load_address>
         <run_address>0x59a3</run_address>
         <size>0x271</size>
         <input_file_ref idref="fl-a"/>
      </object_component>
      <object_component id="oc-29b">
         <name>.debug_info</name>
         <load_address>0x5c14</load_address>
         <run_address>0x5c14</run_address>
         <size>0xe6</size>
         <input_file_ref idref="fl-a"/>
      </object_component>
      <object_component id="oc-278">
         <name>.debug_info</name>
         <load_address>0x5cfa</load_address>
         <run_address>0x5cfa</run_address>
         <size>0x16a</size>
         <input_file_ref idref="fl-a"/>
      </object_component>
      <object_component id="oc-295">
         <name>.debug_info</name>
         <load_address>0x5e64</load_address>
         <run_address>0x5e64</run_address>
         <size>0x16a</size>
         <input_file_ref idref="fl-a"/>
      </object_component>
      <object_component id="oc-1ca">
         <name>.debug_info</name>
         <load_address>0x5fce</load_address>
         <run_address>0x5fce</run_address>
         <size>0x1ae</size>
         <input_file_ref idref="fl-a"/>
      </object_component>
      <object_component id="oc-280">
         <name>.debug_info</name>
         <load_address>0x617c</load_address>
         <run_address>0x617c</run_address>
         <size>0x26e</size>
         <input_file_ref idref="fl-a"/>
      </object_component>
      <object_component id="oc-1e2">
         <name>.debug_info</name>
         <load_address>0x63ea</load_address>
         <run_address>0x63ea</run_address>
         <size>0x1a9</size>
         <input_file_ref idref="fl-a"/>
      </object_component>
      <object_component id="oc-385">
         <name>.debug_info</name>
         <load_address>0x6593</load_address>
         <run_address>0x6593</run_address>
         <size>0x119</size>
         <input_file_ref idref="fl-25"/>
      </object_component>
      <object_component id="oc-f2">
         <name>.debug_info</name>
         <load_address>0x66ac</load_address>
         <run_address>0x66ac</run_address>
         <size>0xf6</size>
         <input_file_ref idref="fl-26"/>
      </object_component>
      <object_component id="oc-6f">
         <name>.debug_info</name>
         <load_address>0x67a2</load_address>
         <run_address>0x67a2</run_address>
         <size>0x197</size>
         <input_file_ref idref="fl-27"/>
      </object_component>
      <object_component id="oc-101">
         <name>.debug_info</name>
         <load_address>0x6939</load_address>
         <run_address>0x6939</run_address>
         <size>0x1b3</size>
         <input_file_ref idref="fl-28"/>
      </object_component>
      <object_component id="oc-35">
         <name>.debug_info</name>
         <load_address>0x6aec</load_address>
         <run_address>0x6aec</run_address>
         <size>0x1e0</size>
         <input_file_ref idref="fl-28"/>
      </object_component>
      <object_component id="oc-fc">
         <name>.debug_info</name>
         <load_address>0x6ccc</load_address>
         <run_address>0x6ccc</run_address>
         <size>0x46</size>
         <input_file_ref idref="fl-28"/>
      </object_component>
      <object_component id="oc-175">
         <name>.debug_info</name>
         <load_address>0x6d12</load_address>
         <run_address>0x6d12</run_address>
         <size>0x2c</size>
         <input_file_ref idref="fl-28"/>
      </object_component>
      <object_component id="oc-109">
         <name>.debug_info</name>
         <load_address>0x6d3e</load_address>
         <run_address>0x6d3e</run_address>
         <size>0x175</size>
         <input_file_ref idref="fl-29"/>
      </object_component>
      <object_component id="oc-103">
         <name>.debug_info</name>
         <load_address>0x6eb3</load_address>
         <run_address>0x6eb3</run_address>
         <size>0x23b</size>
         <input_file_ref idref="fl-29"/>
      </object_component>
      <object_component id="oc-3b">
         <name>.debug_info</name>
         <load_address>0x70ee</load_address>
         <run_address>0x70ee</run_address>
         <size>0x1b2</size>
         <input_file_ref idref="fl-29"/>
      </object_component>
      <object_component id="oc-10a">
         <name>.debug_info</name>
         <load_address>0x72a0</load_address>
         <run_address>0x72a0</run_address>
         <size>0x39</size>
         <input_file_ref idref="fl-29"/>
      </object_component>
      <object_component id="oc-170">
         <name>.debug_info</name>
         <load_address>0x72d9</load_address>
         <run_address>0x72d9</run_address>
         <size>0x2c</size>
         <input_file_ref idref="fl-2a"/>
      </object_component>
      <object_component id="oc-2ca">
         <name>.debug_info</name>
         <load_address>0x7305</load_address>
         <run_address>0x7305</run_address>
         <size>0x12e</size>
         <input_file_ref idref="fl-2b"/>
      </object_component>
      <object_component id="oc-38a">
         <name>.debug_info</name>
         <load_address>0x7433</load_address>
         <run_address>0x7433</run_address>
         <size>0x11a</size>
         <input_file_ref idref="fl-2c"/>
      </object_component>
      <object_component id="oc-2dd">
         <name>.debug_info</name>
         <load_address>0x754d</load_address>
         <run_address>0x754d</run_address>
         <size>0x11c</size>
         <input_file_ref idref="fl-2e"/>
      </object_component>
      <object_component id="oc-17d">
         <name>.debug_info</name>
         <load_address>0x7669</load_address>
         <run_address>0x7669</run_address>
         <size>0x127</size>
         <input_file_ref idref="fl-2f"/>
      </object_component>
      <object_component id="oc-15c">
         <name>.debug_info</name>
         <load_address>0x7790</load_address>
         <run_address>0x7790</run_address>
         <size>0x118</size>
         <input_file_ref idref="fl-30"/>
      </object_component>
      <object_component id="oc-110">
         <name>.debug_info</name>
         <load_address>0x78a8</load_address>
         <run_address>0x78a8</run_address>
         <size>0x108</size>
         <input_file_ref idref="fl-3b"/>
      </object_component>
      <object_component id="oc-2a2">
         <name>.debug_info</name>
         <load_address>0x79b0</load_address>
         <run_address>0x79b0</run_address>
         <size>0x119</size>
         <input_file_ref idref="fl-3c"/>
      </object_component>
      <object_component id="oc-16f">
         <name>.debug_info</name>
         <load_address>0x7ac9</load_address>
         <run_address>0x7ac9</run_address>
         <size>0x16e</size>
         <input_file_ref idref="fl-3e"/>
      </object_component>
      <object_component id="oc-f6">
         <name>.debug_info</name>
         <load_address>0x7c37</load_address>
         <run_address>0x7c37</run_address>
         <size>0x192</size>
         <input_file_ref idref="fl-3e"/>
      </object_component>
      <object_component id="oc-302">
         <name>.debug_info</name>
         <load_address>0x7dc9</load_address>
         <run_address>0x7dc9</run_address>
         <size>0x163</size>
         <input_file_ref idref="fl-3f"/>
      </object_component>
      <object_component id="oc-268">
         <name>.debug_info</name>
         <load_address>0x7f2c</load_address>
         <run_address>0x7f2c</run_address>
         <size>0x25b</size>
         <input_file_ref idref="fl-3f"/>
      </object_component>
      <object_component id="oc-134">
         <name>.debug_info</name>
         <load_address>0x8187</load_address>
         <run_address>0x8187</run_address>
         <size>0x149</size>
         <input_file_ref idref="fl-41"/>
      </object_component>
      <object_component id="oc-1ae">
         <name>.debug_info</name>
         <load_address>0x82d0</load_address>
         <run_address>0x82d0</run_address>
         <size>0x3b7</size>
         <input_file_ref idref="fl-44"/>
      </object_component>
      <object_component id="oc-13a">
         <name>.debug_info</name>
         <load_address>0x8687</load_address>
         <run_address>0x8687</run_address>
         <size>0x1c3</size>
         <input_file_ref idref="fl-44"/>
      </object_component>
      <object_component id="oc-23f">
         <name>.debug_info</name>
         <load_address>0x884a</load_address>
         <run_address>0x884a</run_address>
         <size>0x39</size>
         <input_file_ref idref="fl-44"/>
      </object_component>
      <object_component id="oc-244">
         <name>.debug_info</name>
         <load_address>0x8883</load_address>
         <run_address>0x8883</run_address>
         <size>0xcd</size>
         <input_file_ref idref="fl-44"/>
      </object_component>
      <object_component id="oc-23b">
         <name>.debug_info</name>
         <load_address>0x8950</load_address>
         <run_address>0x8950</run_address>
         <size>0x253</size>
         <input_file_ref idref="fl-45"/>
      </object_component>
      <object_component id="oc-1a2">
         <name>.debug_info</name>
         <load_address>0x8ba3</load_address>
         <run_address>0x8ba3</run_address>
         <size>0x1b1</size>
         <input_file_ref idref="fl-45"/>
      </object_component>
      <object_component id="oc-2f7">
         <name>.debug_info</name>
         <load_address>0x8d54</load_address>
         <run_address>0x8d54</run_address>
         <size>0x2c</size>
         <input_file_ref idref="fl-45"/>
      </object_component>
      <object_component id="oc-237">
         <name>.debug_info</name>
         <load_address>0x8d80</load_address>
         <run_address>0x8d80</run_address>
         <size>0x11a</size>
         <input_file_ref idref="fl-46"/>
      </object_component>
      <object_component id="oc-1a8">
         <name>.debug_info</name>
         <load_address>0x8e9a</load_address>
         <run_address>0x8e9a</run_address>
         <size>0x146</size>
         <input_file_ref idref="fl-47"/>
      </object_component>
      <object_component id="oc-3ef">
         <name>.debug_info</name>
         <load_address>0x8fe0</load_address>
         <run_address>0x8fe0</run_address>
         <size>0x98</size>
      </object_component>
      <object_component id="oc-157">
         <name>.debug_line</name>
         <load_address>0x0</load_address>
         <run_address>0x0</run_address>
         <size>0x68</size>
         <input_file_ref idref="fl-2"/>
      </object_component>
      <object_component id="oc-16c">
         <name>.debug_line</name>
         <load_address>0x68</load_address>
         <run_address>0x68</run_address>
         <size>0x20</size>
         <input_file_ref idref="fl-2"/>
      </object_component>
      <object_component id="oc-124">
         <name>.debug_line</name>
         <load_address>0x88</load_address>
         <run_address>0x88</run_address>
         <size>0x4c</size>
         <input_file_ref idref="fl-3"/>
      </object_component>
      <object_component id="oc-2ad">
         <name>.debug_line</name>
         <load_address>0xd4</load_address>
         <run_address>0xd4</run_address>
         <size>0x78</size>
         <input_file_ref idref="fl-3"/>
      </object_component>
      <object_component id="oc-2b3">
         <name>.debug_line</name>
         <load_address>0x14c</load_address>
         <run_address>0x14c</run_address>
         <size>0x7f</size>
         <input_file_ref idref="fl-3"/>
      </object_component>
      <object_component id="oc-2b9">
         <name>.debug_line</name>
         <load_address>0x1cb</load_address>
         <run_address>0x1cb</run_address>
         <size>0x7f</size>
         <input_file_ref idref="fl-3"/>
      </object_component>
      <object_component id="oc-1f4">
         <name>.debug_line</name>
         <load_address>0x24a</load_address>
         <run_address>0x24a</run_address>
         <size>0x91</size>
         <input_file_ref idref="fl-3"/>
      </object_component>
      <object_component id="oc-22d">
         <name>.debug_line</name>
         <load_address>0x2db</load_address>
         <run_address>0x2db</run_address>
         <size>0x3d</size>
         <input_file_ref idref="fl-4"/>
      </object_component>
      <object_component id="oc-3a0">
         <name>.debug_line</name>
         <load_address>0x318</load_address>
         <run_address>0x318</run_address>
         <size>0xb1</size>
         <input_file_ref idref="fl-4"/>
      </object_component>
      <object_component id="oc-1d9">
         <name>.debug_line</name>
         <load_address>0x3c9</load_address>
         <run_address>0x3c9</run_address>
         <size>0x56</size>
         <input_file_ref idref="fl-4"/>
      </object_component>
      <object_component id="oc-11e">
         <name>.debug_line</name>
         <load_address>0x41f</load_address>
         <run_address>0x41f</run_address>
         <size>0x9f</size>
         <input_file_ref idref="fl-4"/>
      </object_component>
      <object_component id="oc-212">
         <name>.debug_line</name>
         <load_address>0x4be</load_address>
         <run_address>0x4be</run_address>
         <size>0x6e</size>
         <input_file_ref idref="fl-4"/>
      </object_component>
      <object_component id="oc-20c">
         <name>.debug_line</name>
         <load_address>0x52c</load_address>
         <run_address>0x52c</run_address>
         <size>0x61</size>
         <input_file_ref idref="fl-4"/>
      </object_component>
      <object_component id="oc-200">
         <name>.debug_line</name>
         <load_address>0x58d</load_address>
         <run_address>0x58d</run_address>
         <size>0x59</size>
         <input_file_ref idref="fl-4"/>
      </object_component>
      <object_component id="oc-342">
         <name>.debug_line</name>
         <load_address>0x5e6</load_address>
         <run_address>0x5e6</run_address>
         <size>0x56</size>
         <input_file_ref idref="fl-4"/>
      </object_component>
      <object_component id="oc-373">
         <name>.debug_line</name>
         <load_address>0x63c</load_address>
         <run_address>0x63c</run_address>
         <size>0x56</size>
         <input_file_ref idref="fl-4"/>
      </object_component>
      <object_component id="oc-348">
         <name>.debug_line</name>
         <load_address>0x692</load_address>
         <run_address>0x692</run_address>
         <size>0x56</size>
         <input_file_ref idref="fl-4"/>
      </object_component>
      <object_component id="oc-379">
         <name>.debug_line</name>
         <load_address>0x6e8</load_address>
         <run_address>0x6e8</run_address>
         <size>0x56</size>
         <input_file_ref idref="fl-4"/>
      </object_component>
      <object_component id="oc-324">
         <name>.debug_line</name>
         <load_address>0x73e</load_address>
         <run_address>0x73e</run_address>
         <size>0x56</size>
         <input_file_ref idref="fl-4"/>
      </object_component>
      <object_component id="oc-32a">
         <name>.debug_line</name>
         <load_address>0x794</load_address>
         <run_address>0x794</run_address>
         <size>0x56</size>
         <input_file_ref idref="fl-4"/>
      </object_component>
      <object_component id="oc-330">
         <name>.debug_line</name>
         <load_address>0x7ea</load_address>
         <run_address>0x7ea</run_address>
         <size>0x58</size>
         <input_file_ref idref="fl-4"/>
      </object_component>
      <object_component id="oc-336">
         <name>.debug_line</name>
         <load_address>0x842</load_address>
         <run_address>0x842</run_address>
         <size>0x57</size>
         <input_file_ref idref="fl-4"/>
      </object_component>
      <object_component id="oc-355">
         <name>.debug_line</name>
         <load_address>0x899</load_address>
         <run_address>0x899</run_address>
         <size>0x56</size>
         <input_file_ref idref="fl-4"/>
      </object_component>
      <object_component id="oc-35b">
         <name>.debug_line</name>
         <load_address>0x8ef</load_address>
         <run_address>0x8ef</run_address>
         <size>0x56</size>
         <input_file_ref idref="fl-4"/>
      </object_component>
      <object_component id="oc-361">
         <name>.debug_line</name>
         <load_address>0x945</load_address>
         <run_address>0x945</run_address>
         <size>0x56</size>
         <input_file_ref idref="fl-4"/>
      </object_component>
      <object_component id="oc-367">
         <name>.debug_line</name>
         <load_address>0x99b</load_address>
         <run_address>0x99b</run_address>
         <size>0x57</size>
         <input_file_ref idref="fl-4"/>
      </object_component>
      <object_component id="oc-218">
         <name>.debug_line</name>
         <load_address>0x9f2</load_address>
         <run_address>0x9f2</run_address>
         <size>0x5e</size>
         <input_file_ref idref="fl-4"/>
      </object_component>
      <object_component id="oc-21e">
         <name>.debug_line</name>
         <load_address>0xa50</load_address>
         <run_address>0xa50</run_address>
         <size>0x61</size>
         <input_file_ref idref="fl-4"/>
      </object_component>
      <object_component id="oc-34e">
         <name>.debug_line</name>
         <load_address>0xab1</load_address>
         <run_address>0xab1</run_address>
         <size>0x55</size>
         <input_file_ref idref="fl-4"/>
      </object_component>
      <object_component id="oc-37f">
         <name>.debug_line</name>
         <load_address>0xb06</load_address>
         <run_address>0xb06</run_address>
         <size>0x55</size>
         <input_file_ref idref="fl-4"/>
      </object_component>
      <object_component id="oc-231">
         <name>.debug_line</name>
         <load_address>0xb5b</load_address>
         <run_address>0xb5b</run_address>
         <size>0x76</size>
         <input_file_ref idref="fl-4"/>
      </object_component>
      <object_component id="oc-234">
         <name>.debug_line</name>
         <load_address>0xbd1</load_address>
         <run_address>0xbd1</run_address>
         <size>0x3b</size>
         <input_file_ref idref="fl-5"/>
      </object_component>
      <object_component id="oc-1df">
         <name>.debug_line</name>
         <load_address>0xc0c</load_address>
         <run_address>0xc0c</run_address>
         <size>0x51</size>
         <input_file_ref idref="fl-5"/>
      </object_component>
      <object_component id="oc-12a">
         <name>.debug_line</name>
         <load_address>0xc5d</load_address>
         <run_address>0xc5d</run_address>
         <size>0x7e</size>
         <input_file_ref idref="fl-5"/>
      </object_component>
      <object_component id="oc-206">
         <name>.debug_line</name>
         <load_address>0xcdb</load_address>
         <run_address>0xcdb</run_address>
         <size>0x61</size>
         <input_file_ref idref="fl-5"/>
      </object_component>
      <object_component id="oc-1fa">
         <name>.debug_line</name>
         <load_address>0xd3c</load_address>
         <run_address>0xd3c</run_address>
         <size>0x55</size>
         <input_file_ref idref="fl-5"/>
      </object_component>
      <object_component id="oc-33c">
         <name>.debug_line</name>
         <load_address>0xd91</load_address>
         <run_address>0xd91</run_address>
         <size>0x53</size>
         <input_file_ref idref="fl-5"/>
      </object_component>
      <object_component id="oc-36d">
         <name>.debug_line</name>
         <load_address>0xde4</load_address>
         <run_address>0xde4</run_address>
         <size>0x53</size>
         <input_file_ref idref="fl-5"/>
      </object_component>
      <object_component id="oc-1c7">
         <name>.debug_line</name>
         <load_address>0xe37</load_address>
         <run_address>0xe37</run_address>
         <size>0x4a</size>
         <input_file_ref idref="fl-6"/>
      </object_component>
      <object_component id="oc-2e7">
         <name>.debug_line</name>
         <load_address>0xe81</load_address>
         <run_address>0xe81</run_address>
         <size>0x51</size>
         <input_file_ref idref="fl-6"/>
      </object_component>
      <object_component id="oc-2ed">
         <name>.debug_line</name>
         <load_address>0xed2</load_address>
         <run_address>0xed2</run_address>
         <size>0x51</size>
         <input_file_ref idref="fl-6"/>
      </object_component>
      <object_component id="oc-31e">
         <name>.debug_line</name>
         <load_address>0xf23</load_address>
         <run_address>0xf23</run_address>
         <size>0x49</size>
         <input_file_ref idref="fl-7"/>
      </object_component>
      <object_component id="oc-289">
         <name>.debug_line</name>
         <load_address>0xf6c</load_address>
         <run_address>0xf6c</run_address>
         <size>0x53</size>
         <input_file_ref idref="fl-7"/>
      </object_component>
      <object_component id="oc-1d3">
         <name>.debug_line</name>
         <load_address>0xfbf</load_address>
         <run_address>0xfbf</run_address>
         <size>0x8e</size>
         <input_file_ref idref="fl-7"/>
      </object_component>
      <object_component id="oc-1ee">
         <name>.debug_line</name>
         <load_address>0x104d</load_address>
         <run_address>0x104d</run_address>
         <size>0x71</size>
         <input_file_ref idref="fl-7"/>
      </object_component>
      <object_component id="oc-395">
         <name>.debug_line</name>
         <load_address>0x10be</load_address>
         <run_address>0x10be</run_address>
         <size>0xbc</size>
         <input_file_ref idref="fl-8"/>
      </object_component>
      <object_component id="oc-226">
         <name>.debug_line</name>
         <load_address>0x117a</load_address>
         <run_address>0x117a</run_address>
         <size>0x30</size>
         <input_file_ref idref="fl-8"/>
      </object_component>
      <object_component id="oc-2f2">
         <name>.debug_line</name>
         <load_address>0x11aa</load_address>
         <run_address>0x11aa</run_address>
         <size>0x30</size>
         <input_file_ref idref="fl-8"/>
      </object_component>
      <object_component id="oc-26f">
         <name>.debug_line</name>
         <load_address>0x11da</load_address>
         <run_address>0x11da</run_address>
         <size>0x4f</size>
         <input_file_ref idref="fl-8"/>
      </object_component>
      <object_component id="oc-275">
         <name>.debug_line</name>
         <load_address>0x1229</load_address>
         <run_address>0x1229</run_address>
         <size>0x4e</size>
         <input_file_ref idref="fl-8"/>
      </object_component>
      <object_component id="oc-292">
         <name>.debug_line</name>
         <load_address>0x1277</load_address>
         <run_address>0x1277</run_address>
         <size>0x4f</size>
         <input_file_ref idref="fl-8"/>
      </object_component>
      <object_component id="oc-309">
         <name>.debug_line</name>
         <load_address>0x12c6</load_address>
         <run_address>0x12c6</run_address>
         <size>0x52</size>
         <input_file_ref idref="fl-8"/>
      </object_component>
      <object_component id="oc-315">
         <name>.debug_line</name>
         <load_address>0x1318</load_address>
         <run_address>0x1318</run_address>
         <size>0x57</size>
         <input_file_ref idref="fl-8"/>
      </object_component>
      <object_component id="oc-118">
         <name>.debug_line</name>
         <load_address>0x136f</load_address>
         <run_address>0x136f</run_address>
         <size>0x56</size>
         <input_file_ref idref="fl-8"/>
      </object_component>
      <object_component id="oc-18c">
         <name>.debug_line</name>
         <load_address>0x13c5</load_address>
         <run_address>0x13c5</run_address>
         <size>0x4d</size>
         <input_file_ref idref="fl-8"/>
      </object_component>
      <object_component id="oc-192">
         <name>.debug_line</name>
         <load_address>0x1412</load_address>
         <run_address>0x1412</run_address>
         <size>0x4e</size>
         <input_file_ref idref="fl-8"/>
      </object_component>
      <object_component id="oc-31b">
         <name>.debug_line</name>
         <load_address>0x1460</load_address>
         <run_address>0x1460</run_address>
         <size>0x20</size>
         <input_file_ref idref="fl-9"/>
      </object_component>
      <object_component id="oc-29f">
         <name>.debug_line</name>
         <load_address>0x1480</load_address>
         <run_address>0x1480</run_address>
         <size>0x34</size>
         <input_file_ref idref="fl-9"/>
      </object_component>
      <object_component id="oc-2c1">
         <name>.debug_line</name>
         <load_address>0x14b4</load_address>
         <run_address>0x14b4</run_address>
         <size>0x4d</size>
[...]
         <object_component_ref idref="oc-326"/>
      </symbol>
      <symbol id="sm-1e8">
         <name>Minute_Add</name>
         <value>0xd6a2</value>
         <object_component_ref idref="oc-320"/>
      </symbol>
      <symbol id="sm-1e9">
         <name>Time_A</name>
         <value>0xcad2</value>
         <object_component_ref idref="oc-11a"/>
      </symbol>
      <symbol id="sm-1ea">
         <name>Get_Max_DayNum</name>
         <value>0xcc4c</value>
         <object_component_ref idref="oc-39c"/>
      </symbol>
      <symbol id="sm-1eb">
         <name>Hourly_Chime</name>
         <value>0xd31e</value>
         <object_component_ref idref="oc-214"/>
      </symbol>
      <symbol id="sm-1ec">
         <name>Open_Alarm</name>
         <value>0xd526</value>
         <object_component_ref idref="oc-34a"/>
      </symbol>
      <symbol id="sm-1ed">
         <name>flag</name>
         <value>0x210</value>
         <object_component_ref idref="oc-195"/>
      </symbol>
      <symbol id="sm-1ee">
         <name>second</name>
         <value>0x21b</value>
         <object_component_ref idref="oc-195"/>
      </symbol>
      <symbol id="sm-225">
         <name>Stop_Sec_Clock</name>
         <value>0xd6e8</value>
         <object_component_ref idref="oc-369"/>
      </symbol>
      <symbol id="sm-226">
         <name>sec_num</name>
         <value>0x220</value>
         <object_component_ref idref="oc-19a"/>
      </symbol>
      <symbol id="sm-227">
         <name>Sec_TimerA_Init</name>
         <value>0xd53e</value>
         <object_component_ref idref="oc-1db"/>
      </symbol>
      <symbol id="sm-228">
         <name>sec_flag</name>
         <value>0x225</value>
         <object_component_ref idref="oc-19a"/>
      </symbol>
      <symbol id="sm-229">
         <name>Sec_TimeA_ISR</name>
         <value>0xcd5e</value>
         <object_component_ref idref="oc-126"/>
      </symbol>
      <symbol id="sm-22a">
         <name>__TI_int13</name>
         <value>0xfffa</value>
         <object_component_ref idref="oc-4b"/>
      </symbol>
      <symbol id="sm-22b">
         <name>cur_sec_num</name>
         <value>0x223</value>
         <object_component_ref idref="oc-19a"/>
      </symbol>
      <symbol id="sm-22c">
         <name>cur_ms_num</name>
         <value>0x222</value>
         <object_component_ref idref="oc-19a"/>
      </symbol>
      <symbol id="sm-22d">
         <name>ms_num</name>
         <value>0x21f</value>
         <object_component_ref idref="oc-19a"/>
      </symbol>
      <symbol id="sm-22e">
         <name>min_num</name>
         <value>0x221</value>
         <object_component_ref idref="oc-19a"/>
      </symbol>
      <symbol id="sm-22f">
         <name>Display_Sec_Clock</name>
         <value>0xc94e</value>
         <object_component_ref idref="oc-202"/>
      </symbol>
      <symbol id="sm-230">
         <name>run_flag</name>
         <value>0x226</value>
         <object_component_ref idref="oc-19a"/>
      </symbol>
      <symbol id="sm-231">
         <name>cur_min_num</name>
         <value>0x224</value>
         <object_component_ref idref="oc-19a"/>
      </symbol>
      <symbol id="sm-232">
         <name>Start_Sec_Clock</name>
         <value>0xd6d8</value>
         <object_component_ref idref="oc-338"/>
      </symbol>
      <symbol id="sm-233">
         <name>Refresh_Sec_Clock</name>
         <value>0xd5e0</value>
         <object_component_ref idref="oc-1f6"/>
      </symbol>
      <symbol id="sm-24a">
         <name>Open_Beep</name>
         <value>0xd2f0</value>
         <object_component_ref idref="oc-2e3"/>
      </symbol>
      <symbol id="sm-24b">
         <name>Close_Beep</name>
         <value>0xd2c2</value>
         <object_component_ref idref="oc-2e9"/>
      </symbol>
      <symbol id="sm-24c">
         <name>DAC8411_Init</name>
         <value>0xd60c</value>
         <object_component_ref idref="oc-1c3"/>
      </symbol>
      <symbol id="sm-278">
         <name>HT1621_init</name>
         <value>0xc86a</value>
         <object_component_ref idref="oc-1cf"/>
      </symbol>
      <symbol id="sm-279">
         <name>HT1621_Reflash</name>
         <value>0xccd6</value>
         <object_component_ref idref="oc-1ea"/>
      </symbol>
      <symbol id="sm-27a">
         <name>HT1621_SendBit</name>
         <value>0xd28c</value>
         <object_component_ref idref="oc-285"/>
      </symbol>
      <symbol id="sm-2d5">
         <name>__TI_int06</name>
         <value>0xffec</value>
         <object_component_ref idref="oc-44"/>
      </symbol>
      <symbol id="sm-2d6">
         <name>I2C_TxFrame</name>
         <value>0xd3f8</value>
         <object_component_ref idref="oc-305"/>
      </symbol>
      <symbol id="sm-2d7">
         <name>I2C_Tx_Init</name>
         <value>0xd460</value>
         <object_component_ref idref="oc-271"/>
      </symbol>
      <symbol id="sm-2d8">
         <name>I2C_RxFrame_ISR</name>
         <value>0xd480</value>
         <object_component_ref idref="oc-18e"/>
      </symbol>
      <symbol id="sm-2d9">
         <name>I2C_TxFrame_ISR</name>
         <value>0xd41e</value>
         <object_component_ref idref="oc-188"/>
      </symbol>
      <symbol id="sm-2da">
         <name>I2C_RxFrame</name>
         <value>0xd3ce</value>
         <object_component_ref idref="oc-311"/>
      </symbol>
      <symbol id="sm-2db">
         <name>USCIAB0TX_ISR</name>
         <value>0xd1da</value>
         <object_component_ref idref="oc-114"/>
      </symbol>
      <symbol id="sm-2dc">
         <name>I2C_Init</name>
         <value>0xd254</value>
         <object_component_ref idref="oc-26b"/>
      </symbol>
      <symbol id="sm-2dd">
         <name>I2C_Rx_Init</name>
         <value>0xd440</value>
         <object_component_ref idref="oc-28e"/>
      </symbol>
      <symbol id="sm-2de">
         <name>I2C_State</name>
         <value>0x234</value>
         <object_component_ref idref="oc-185"/>
      </symbol>
      <symbol id="sm-380">
         <name>LCD_Buffer</name>
         <value>0x200</value>
         <object_component_ref idref="oc-1e7"/>
      </symbol>
      <symbol id="sm-381">
         <name>LCD_Clear</name>
         <value>0xd5b4</value>
         <object_component_ref idref="oc-2bd"/>
      </symbol>
      <symbol id="sm-382">
         <name>LCD_DisplayDigit</name>
         <value>0xc000</value>
         <object_component_ref idref="oc-2ce"/>
      </symbol>
      <symbol id="sm-383">
         <name>LCD_DisplaySeg</name>
         <value>0xd4bc</value>
         <object_component_ref idref="oc-2c3"/>
      </symbol>
      <symbol id="sm-384">
         <name>LCD_ClearSeg</name>
         <value>0xd49e</value>
         <object_component_ref idref="oc-2d5"/>
      </symbol>
      <symbol id="sm-3bd">
         <name>TCA6416_Tx_Frame</name>
         <value>0xd56e</value>
         <object_component_ref idref="oc-277"/>
      </symbol>
      <symbol id="sm-3be">
         <name>PinIN</name>
         <value>0xd188</value>
         <object_component_ref idref="oc-1e1"/>
      </symbol>
      <symbol id="sm-3bf">
         <name>TCA6416A_InputBuffer</name>
         <value>0x22e</value>
         <object_component_ref idref="oc-29a"/>
      </symbol>
      <symbol id="sm-3c0">
         <name>PinOUT</name>
         <value>0xcb94</value>
         <object_component_ref idref="oc-27f"/>
      </symbol>
      <symbol id="sm-3c1">
         <name>TCA6416A_Init</name>
         <value>0xcebc</value>
         <object_component_ref idref="oc-1c9"/>
      </symbol>
      <symbol id="sm-3c2">
         <name>TCA6416_Rx_Frame</name>
         <value>0xd556</value>
         <object_component_ref idref="oc-294"/>
      </symbol>
      <symbol id="sm-3ca">
         <name>__mspabi_srai</name>
         <value>0xd34a</value>
         <object_component_ref idref="oc-383"/>
      </symbol>
      <symbol id="sm-3cb">
         <name>__mspabi_srai_8</name>
         <value>0xd364</value>
         <object_component_ref idref="oc-383"/>
      </symbol>
      <symbol id="sm-3cc">
         <name>__mspabi_srai_9</name>
         <value>0xd362</value>
         <object_component_ref idref="oc-383"/>
      </symbol>
      <symbol id="sm-3cd">
         <name>__mspabi_srai_6</name>
         <value>0xd368</value>
         <object_component_ref idref="oc-383"/>
      </symbol>
      <symbol id="sm-3ce">
         <name>__mspabi_srai_7</name>
         <value>0xd366</value>
         <object_component_ref idref="oc-383"/>
      </symbol>
      <symbol id="sm-3cf">
         <name>__mspabi_srai_4</name>
         <value>0xd36c</value>
         <object_component_ref idref="oc-383"/>
      </symbol>
      <symbol id="sm-3d0">
         <name>__mspabi_srai_5</name>
         <value>0xd36a</value>
         <object_component_ref idref="oc-383"/>
      </symbol>
      <symbol id="sm-3d1">
         <name>__mspabi_srai_2</name>
         <value>0xd370</value>
         <object_component_ref idref="oc-383"/>
      </symbol>
      <symbol id="sm-3d2">
         <name>__mspabi_srai_3</name>
         <value>0xd36e</value>
         <object_component_ref idref="oc-383"/>
      </symbol>
      <symbol id="sm-3d3">
         <name>__mspabi_srai_1</name>
         <value>0xd372</value>
         <object_component_ref idref="oc-383"/>
      </symbol>
      <symbol id="sm-3d4">
         <name>__mspabi_srai_15</name>
         <value>0xd356</value>
         <object_component_ref idref="oc-383"/>
      </symbol>
      <symbol id="sm-3d5">
         <name>__mspabi_srai_14</name>
         <value>0xd358</value>
         <object_component_ref idref="oc-383"/>
      </symbol>
      <symbol id="sm-3d6">
         <name>__mspabi_srai_13</name>
         <value>0xd35a</value>
         <object_component_ref idref="oc-383"/>
      </symbol>
      <symbol id="sm-3d7">
         <name>__mspabi_srai_12</name>
         <value>0xd35c</value>
         <object_component_ref idref="oc-383"/>
      </symbol>
      <symbol id="sm-3d8">
         <name>__mspabi_srai_11</name>
         <value>0xd35e</value>
         <object_component_ref idref="oc-383"/>
      </symbol>
      <symbol id="sm-3d9">
         <name>__mspabi_srai_10</name>
         <value>0xd360</value>
         <object_component_ref idref="oc-383"/>
      </symbol>
      <symbol id="sm-3e1">
         <name>_stack</name>
         <value>0x3b0</value>
         <object_component_ref idref="oc-f1"/>
      </symbol>
      <symbol id="sm-3e2">
         <name>_reset_vector</name>
         <value>0xfffe</value>
         <object_component_ref idref="oc-f4"/>
      </symbol>
      <symbol id="sm-3ec">
         <name>_c_int00_noargs_noexit</name>
         <value>0xd4f4</value>
         <object_component_ref idref="oc-6b"/>
      </symbol>
      <symbol id="sm-402">
         <name>__TI_decompress_none</name>
         <value>0xd6b4</value>
         <object_component_ref idref="oc-34"/>
      </symbol>
      <symbol id="sm-424">
         <name>__TI_decompress_rle24</name>
         <value>0xd748</value>
         <object_component_ref idref="oc-3a"/>
      </symbol>
      <symbol id="sm-436">
         <name>__mspabi_remi</name>
         <value>0xd376</value>
         <object_component_ref idref="oc-2c9"/>
      </symbol>
      <symbol id="sm-437">
         <name>__mspabi_divi</name>
         <value>0xd376</value>
         <object_component_ref idref="oc-2c9"/>
      </symbol>
      <symbol id="sm-441">
         <name>__mspabi_remu</name>
         <value>0xd5f6</value>
         <object_component_ref idref="oc-389"/>
      </symbol>
      <symbol id="sm-442">
         <name>__mspabi_divu</name>
         <value>0xd5f6</value>
         <object_component_ref idref="oc-389"/>
      </symbol>
      <symbol id="sm-451">
         <name>__mspabi_remul</name>
         <value>0xd130</value>
         <object_component_ref idref="oc-2dc"/>
      </symbol>
      <symbol id="sm-452">
         <name>__mspabi_divul</name>
         <value>0xd130</value>
         <object_component_ref idref="oc-2dc"/>
      </symbol>
      <symbol id="sm-45b">
         <name>__mspabi_func_epilog_2</name>
         <value>0xd702</value>
         <object_component_ref idref="oc-17c"/>
      </symbol>
      <symbol id="sm-45c">
         <name>__mspabi_func_epilog_3</name>
         <value>0xd700</value>
         <object_component_ref idref="oc-17c"/>
      </symbol>
      <symbol id="sm-45d">
         <name>__mspabi_func_epilog_1</name>
         <value>0xd704</value>
         <object_component_ref idref="oc-17c"/>
      </symbol>
      <symbol id="sm-45e">
         <name>__mspabi_func_epilog_6</name>
         <value>0xd6fa</value>
         <object_component_ref idref="oc-17c"/>
      </symbol>
      <symbol id="sm-45f">
         <name>__mspabi_func_epilog_7</name>
         <value>0xd6f8</value>
         <object_component_ref idref="oc-17c"/>
      </symbol>
      <symbol id="sm-460">
         <name>__mspabi_func_epilog_4</name>
         <value>0xd6fe</value>
         <object_component_ref idref="oc-17c"/>
      </symbol>
      <symbol id="sm-461">
         <name>__mspabi_func_epilog_5</name>
         <value>0xd6fc</value>
         <object_component_ref idref="oc-17c"/>
      </symbol>
      <symbol id="sm-46b">
         <name>C$$EXIT</name>
         <value>0xd742</value>
         <object_component_ref idref="oc-15b"/>
      </symbol>
      <symbol id="sm-46c">
         <name>abort</name>
         <value>0xd742</value>
         <object_component_ref idref="oc-15b"/>
      </symbol>
      <symbol id="sm-470">
         <name>__TI_int00</name>
         <value>0xffe0</value>
         <object_component_ref idref="oc-40"/>
      </symbol>
      <symbol id="sm-473">
         <name>__TI_int02</name>
         <value>0xffe4</value>
         <object_component_ref idref="oc-41"/>
      </symbol>
      <symbol id="sm-476">
         <name>__TI_int03</name>
         <value>0xffe6</value>
         <object_component_ref idref="oc-42"/>
      </symbol>
      <symbol id="sm-479">
         <name>__TI_int05</name>
         <value>0xffea</value>
         <object_component_ref idref="oc-43"/>
      </symbol>
      <symbol id="sm-47c">
         <name>__TI_int07</name>
         <value>0xffee</value>
         <object_component_ref idref="oc-45"/>
      </symbol>
      <symbol id="sm-47f">
         <name>__TI_int08</name>
         <value>0xfff0</value>
         <object_component_ref idref="oc-46"/>
      </symbol>
      <symbol id="sm-482">
         <name>__TI_int11</name>
         <value>0xfff6</value>
         <object_component_ref idref="oc-49"/>
      </symbol>
      <symbol id="sm-485">
         <name>__TI_int12</name>
         <value>0xfff8</value>
         <object_component_ref idref="oc-4a"/>
      </symbol>
      <symbol id="sm-488">
         <name>__TI_int14</name>
         <value>0xfffc</value>
         <object_component_ref idref="oc-4c"/>
      </symbol>
      <symbol id="sm-490">
         <name>__TI_ISR_TRAP</name>
         <value>0xd732</value>
         <object_component_ref idref="oc-10f"/>
      </symbol>
      <symbol id="sm-498">
         <name>__mspabi_slli</name>
         <value>0xd3a2</value>
         <object_component_ref idref="oc-2a1"/>
      </symbol>
      <symbol id="sm-499">
         <name>__mspabi_slli_9</name>
         <value>0xd3ba</value>
         <object_component_ref idref="oc-2a1"/>
      </symbol>
      <symbol id="sm-49a">
         <name>__mspabi_slli_8</name>
         <value>0xd3bc</value>
         <object_component_ref idref="oc-2a1"/>
      </symbol>
      <symbol id="sm-49b">
         <name>__mspabi_slli_7</name>
         <value>0xd3be</value>
         <object_component_ref idref="oc-2a1"/>
      </symbol>
      <symbol id="sm-49c">
         <name>__mspabi_slli_6</name>
         <value>0xd3c0</value>
         <object_component_ref idref="oc-2a1"/>
      </symbol>
      <symbol id="sm-49d">
         <name>__mspabi_slli_5</name>
         <value>0xd3c2</value>
         <object_component_ref idref="oc-2a1"/>
      </symbol>
      <symbol id="sm-49e">
         <name>__mspabi_slli_4</name>
         <value>0xd3c4</value>
         <object_component_ref idref="oc-2a1"/>
      </symbol>
      <symbol id="sm-49f">
         <name>__mspabi_slli_3</name>
         <value>0xd3c6</value>
         <object_component_ref idref="oc-2a1"/>
      </symbol>
      <symbol id="sm-4a0">
         <name>__mspabi_slli_2</name>
         <value>0xd3c8</value>
         <object_component_ref idref="oc-2a1"/>
      </symbol>
      <symbol id="sm-4a1">
         <name>__mspabi_slli_1</name>
         <value>0xd3ca</value>
         <object_component_ref idref="oc-2a1"/>
      </symbol>
      <symbol id="sm-4a2">
         <name>__mspabi_slli_15</name>
         <value>0xd3ae</value>
         <object_component_ref idref="oc-2a1"/>
      </symbol>
      <symbol id="sm-4a3">
         <name>__mspabi_slli_14</name>
         <value>0xd3b0</value>
         <object_component_ref idref="oc-2a1"/>
      </symbol>
      <symbol id="sm-4a4">
         <name>__mspabi_slli_13</name>
         <value>0xd3b2</value>
         <object_component_ref idref="oc-2a1"/>
      </symbol>
      <symbol id="sm-4a5">
         <name>__mspabi_slli_12</name>
         <value>0xd3b4</value>
         <object_component_ref idref="oc-2a1"/>
      </symbol>
      <symbol id="sm-4a6">
         <name>__mspabi_slli_11</name>
         <value>0xd3b6</value>
         <object_component_ref idref="oc-2a1"/>
      </symbol>
      <symbol id="sm-4a7">
         <name>__mspabi_slli_10</name>
         <value>0xd3b8</value>
         <object_component_ref idref="oc-2a1"/>
      </symbol>
      <symbol id="sm-4b6">
         <name>memcpy</name>
         <value>0xd6c6</value>
         <object_component_ref idref="oc-f5"/>
      </symbol>
      <symbol id="sm-4c4">
         <name>memset</name>
         <value>0xd620</value>
         <object_component_ref idref="oc-265"/>
      </symbol>
      <symbol id="sm-4ce">
         <name>_system_pre_init</name>
         <value>0xd74e</value>
         <object_component_ref idref="oc-133"/>
      </symbol>
      <symbol id="sm-4ec">
         <name>_auto_init</name>
         <value>0xcf2a</value>
         <object_component_ref idref="oc-139"/>
      </symbol>
      <symbol id="sm-502">
         <name>copy_in</name>
         <value>0xd0d6</value>
         <object_component_ref idref="oc-1a1"/>
      </symbol>
      <symbol id="sm-50c">
         <name>__mspabi_mpyi_sw</name>
         <value>0xd634</value>
         <object_component_ref idref="oc-235"/>
      </symbol>
      <symbol id="sm-50d">
         <name>__mspabi_mpyi</name>
         <value>0xd634</value>
         <object_component_ref idref="oc-235"/>
      </symbol>
      <symbol id="sm-516">
         <name>_system_post_cinit</name>
         <value>0xd752</value>
         <object_component_ref idref="oc-1a7"/>
      </symbol>
      <symbol id="sm-519">
         <name>__TI_BINIT_Base</name>
         <value>0x0</value>
      </symbol>
      <symbol id="sm-51a">
         <name>__TI_BINIT_Limit</name>
         <value>0x0</value>
      </symbol>
      <symbol id="sm-51b">
         <name>__TI_INITARRAY_Base</name>
         <value>0x0</value>
      </symbol>
      <symbol id="sm-51c">
         <name>__TI_INITARRAY_Limit</name>
         <value>0x0</value>
      </symbol>
   </symbol_table>
   <title>Link successful</title>
</link_info>
