******************************************************************************
                  MSP430 Linker PC v15.12.7                    
******************************************************************************
>> Linked Mon May 31 16:49:52 2021

OUTPUT FILE NAME:   <Electronic_Clock.out>
ENTRY POINT SYMBOL: "_c_int00_noargs_noexit"  address: 0000d4f4


MEMORY CONFIGURATION

         name            origin    length      used     unused   attr    fill
----------------------  --------  ---------  --------  --------  ----  --------
  SFR                   00000000   00000010  00000000  00000010  RWIX
  PERIPHERALS_8BIT      00000010   000000f0  00000000  000000f0  RWIX
  PERIPHERALS_16BIT     00000100   00000100  00000000  00000100  RWIX
  RAM                   00000200   00000200  00000089  00000177  RWIX
  INFOD                 00001000   00000040  00000000  00000040  RWIX
  INFOC                 00001040   00000040  00000000  00000040  RWIX
  INFOB                 00001080   00000040  00000000  00000040  RWIX
  INFOA                 000010c0   00000040  00000000  00000040  RWIX
  FLASH                 0000c000   00003fde  00001782  0000285c  RWIX
  BSLSIGNATURE          0000ffde   00000002  00000002  00000000  RWIX  ffff 
  INT00                 0000ffe0   00000002  00000002  00000000  RWIX
  INT01                 0000ffe2   00000002  00000000  00000002  RWIX
  INT02                 0000ffe4   00000002  00000002  00000000  RWIX
  INT03                 0000ffe6   00000002  00000002  00000000  RWIX
  INT04                 0000ffe8   00000002  00000000  00000002  RWIX
  INT05                 0000ffea   00000002  00000002  00000000  RWIX
  INT06                 0000ffec   00000002  00000002  00000000  RWIX
  INT07                 0000ffee   00000002  00000002  00000000  RWIX
  INT08                 0000fff0   00000002  00000002  00000000  RWIX
  INT09                 0000fff2   00000002  00000002  00000000  RWIX
  INT10                 0000fff4   00000002  00000002  00000000  RWIX
  INT11                 0000fff6   00000002  00000002  00000000  RWIX
  INT12                 0000fff8   00000002  00000002  00000000  RWIX
  INT13                 0000fffa   00000002  00000002  00000000  RWIX
  INT14                 0000fffc   00000002  00000002  00000000  RWIX
  RESET                 0000fffe   00000002  00000002  00000000  RWIX


SECTION ALLOCATION MAP

 output                                  attributes/
section   page    origin      length       input sections
--------  ----  ----------  ----------   ----------------
.data      0    00000200    00000035     UNINITIALIZED
                  00000200    00000010     LCD_128.obj (.data:LCD_Buffer)
                  00000210    0000000f     LCD_Display.obj (.data)
                  0000021f    00000008     Sec_Clock.obj (.data)
                  00000227    00000001     --HOLE--
                  00000228    00000005     I2C_Key.obj (.data)
                  0000022d    00000001     --HOLE--
                  0000022e    00000004     TCA6416A.obj (.data)
                  00000232    00000003     I2C.obj (.data)

.bss       0    00000236    00000004     UNINITIALIZED
                  00000236    00000004     I2C.obj (.bss)

.stack     0    000003b0    00000050     UNINITIALIZED
                  000003b0    00000002     rts430_eabi.lib : boot.obj (.stack)
                  000003b2    0000004e     --HOLE--

.text      0    0000c000    00001754     
                  0000c000    0000053a     LCD_128.obj (.text:LCD_DisplayDigit)
                  0000c53a    00000134     LCD_Display.obj (.text:Display_Time)
                  0000c66e    000000fe     LCD_Display.obj (.text:Display_Date)
                  0000c76c    000000fe     I2C_Key.obj (.text:I2C_IO11_Onclick)
                  0000c86a    000000e4     HT1621.obj (.text:HT1621_init)
                  0000c94e    000000c2     Sec_Clock.obj (.text:Display_Sec_Clock)
                  0000ca10    000000c2     I2C_Key.obj (.text:I2C_IODect)
                  0000cad2    000000c2     LCD_Display.obj (.text:Time_A)
                  0000cb94    000000b8     TCA6416A.obj (.text:PinOUT)
                  0000cc4c    0000008a     LCD_Display.obj (.text:Get_Max_DayNum)
                  0000ccd6    00000088     HT1621.obj (.text:HT1621_Reflash)
                  0000cd5e    0000007e     Sec_Clock.obj (.text:Sec_TimeA_ISR)
                  0000cddc    00000070     I2C_Key.obj (.text:I2C_IO12_Onclick)
                  0000ce4c    00000070     I2C_Key.obj (.text:I2C_IO13_Onclick)
                  0000cebc    0000006e     TCA6416A.obj (.text:TCA6416A_Init)
                  0000cf2a    0000006e     rts430_eabi.lib : autoinit.obj (.text:_auto_init)
                  0000cf98    0000006e     main.obj (.text:main)
                  0000d006    0000006c     LCD_Display.obj (.text:Display_Alarm)
                  0000d072    00000064     rts430_eabi.lib : copy_decompress_rle.obj (.text:__TI_decompress_rle_core)
                  0000d0d6    0000005a                     : cpy_tbl.obj (.text:copy_in)
                  0000d130    00000058                     : div32u.obj (.text)
                  0000d188    00000052     TCA6416A.obj (.text:PinIN)
                  0000d1da    0000003e     I2C.obj (.text:USCIAB0TX_ISR)
                  0000d218    0000003c     LCD_Display.obj (.text:Alarm)
                  0000d254    00000038     I2C.obj (.text:I2C_Init)
                  0000d28c    00000036     HT1621.obj (.text:HT1621_SendBit)
                  0000d2c2    0000002e     DAC8411.obj (.text:Close_Beep)
                  0000d2f0    0000002e     DAC8411.obj (.text:Open_Beep)
                  0000d31e    0000002c     LCD_Display.obj (.text:Hourly_Chime)
                  0000d34a    0000002c     rts430_eabi.lib : asr16.obj (.text)
                  0000d376    0000002c                     : div16s.obj (.text)
                  0000d3a2    0000002c                     : lsl16.obj (.text)
                  0000d3ce    0000002a     I2C.obj (.text:I2C_RxFrame)
                  0000d3f8    00000026     I2C.obj (.text:I2C_TxFrame)
                  0000d41e    00000022     I2C.obj (.text:I2C_TxFrame_ISR)
                  0000d440    00000020     I2C.obj (.text:I2C_Rx_Init)
                  0000d460    00000020     I2C.obj (.text:I2C_Tx_Init)
                  0000d480    0000001e     I2C.obj (.text:I2C_RxFrame_ISR)
                  0000d49e    0000001e     LCD_128.obj (.text:LCD_ClearSeg)
                  0000d4bc    0000001e     LCD_128.obj (.text:LCD_DisplaySeg)
                  0000d4da    0000001a     LCD_Display.obj (.text:Month_Add)
                  0000d4f4    0000001a     rts430_eabi.lib : boot_special.obj (.text:_c_int00_noargs_noexit)
                  0000d50e    00000018     LCD_Display.obj (.text:Close_Alarm)
                  0000d526    00000018     LCD_Display.obj (.text:Open_Alarm)
                  0000d53e    00000018     Sec_Clock.obj (.text:Sec_TimerA_Init)
                  0000d556    00000018     TCA6416A.obj (.text:TCA6416_Rx_Frame)
                  0000d56e    00000018     TCA6416A.obj (.text:TCA6416_Tx_Frame)
                  0000d586    00000018     LCD_Display.obj (.text:TimerA_Init)
                  0000d59e    00000016     LCD_Display.obj (.text:Day_Add)
                  0000d5b4    00000016     LCD_128.obj (.text:LCD_Clear)
                  0000d5ca    00000016     LCD_Display.obj (.text:Month_Sub)
                  0000d5e0    00000016     Sec_Clock.obj (.text:Refresh_Sec_Clock)
                  0000d5f6    00000016     rts430_eabi.lib : div16u.obj (.text)
                  0000d60c    00000014     DAC8411.obj (.text:DAC8411_Init)
                  0000d620    00000014     rts430_eabi.lib : memset.obj (.text:memset)
                  0000d634    00000014                     : mult16.obj (.text)
                  0000d648    00000012     LCD_Display.obj (.text:Alarm_Hour_Add)
                  0000d65a    00000012     LCD_Display.obj (.text:Alarm_Hour_Sub)
                  0000d66c    00000012     LCD_Display.obj (.text:Alarm_Minute_Add)
                  0000d67e    00000012     LCD_Display.obj (.text:Alarm_Minute_Sub)
                  0000d690    00000012     LCD_Display.obj (.text:Hour_Add)
                  0000d6a2    00000012     LCD_Display.obj (.text:Minute_Add)
                  0000d6b4    00000012     rts430_eabi.lib : copy_decompress_none.obj (.text:decompress:none:__TI_decompress_none)
                  0000d6c6    00000012                     : memcpy.obj (.text:memcpy)
                  0000d6d8    00000010     Sec_Clock.obj (.text:Start_Sec_Clock)
                  0000d6e8    00000010     Sec_Clock.obj (.text:Stop_Sec_Clock)
                  0000d6f8    00000010     rts430_eabi.lib : epilog.obj (.text)
                  0000d708    0000000e     LCD_Display.obj (.text:Day_Sub)
                  0000d716    0000000e     LCD_Display.obj (.text:Hour_Sub)
                  0000d724    0000000e     LCD_Display.obj (.text:Minute_Sub)
                  0000d732    00000008     rts430_eabi.lib : isr_trap.obj (.text:_isr:__TI_ISR_TRAP)
                  0000d73a    00000008     I2C_Key.obj (.text:watchdog_timer)
                  0000d742    00000006     rts430_eabi.lib : exit.obj (.text:abort)
                  0000d748    00000006                     : copy_decompress_rle.obj (.text:decompress:rle24:__TI_decompress_rle24)
                  0000d74e    00000004                     : pre_init.obj (.text:_system_pre_init)
                  0000d752    00000002                     : startup.obj (.text:_system_post_cinit)

.cinit     0    0000d754    0000002e     
                  0000d754    0000001a     (.cinit..data.load) [load image, compression = rle]
                  0000d76e    00000008     (.cinit..bss.load) [load image]
                  0000d776    00000004     (__TI_handler_table)
                  0000d77a    00000008     (__TI_cinit_table)

.binit     0    0000c000    00000000     

.init_array 
*          0    0000c000    00000000     UNINITIALIZED

TRAPINT    0    0000ffe0    00000002     
                  0000ffe0    00000002     rts430_eabi.lib : int00.obj (.int00)

$fill000   0    0000ffde    00000002     
                  0000ffde    00000002     --HOLE-- [fill = ffff]

PORT1      0    0000ffe4    00000002     
                  0000ffe4    00000002     rts430_eabi.lib : int02.obj (.int02)

PORT2      0    0000ffe6    00000002     
                  0000ffe6    00000002     rts430_eabi.lib : int03.obj (.int03)

ADC10      0    0000ffea    00000002     
                  0000ffea    00000002     rts430_eabi.lib : int05.obj (.int05)

USCIAB0TX 
*          0    0000ffec    00000002     
                  0000ffec    00000002     I2C.obj (.int06)

USCIAB0RX 
*          0    0000ffee    00000002     
                  0000ffee    00000002     rts430_eabi.lib : int07.obj (.int07)

TIMER0_A1 
*          0    0000fff0    00000002     
                  0000fff0    00000002     rts430_eabi.lib : int08.obj (.int08)

TIMER0_A0 
*          0    0000fff2    00000002     
                  0000fff2    00000002     LCD_Display.obj (.int09)

WDT        0    0000fff4    00000002     
                  0000fff4    00000002     I2C_Key.obj (.int10)

COMPARATORA 
*          0    0000fff6    00000002     
                  0000fff6    00000002     rts430_eabi.lib : int11.obj (.int11)

TIMER1_A1 
*          0    0000fff8    00000002     
                  0000fff8    00000002     rts430_eabi.lib : int12.obj (.int12)

TIMER1_A0 
*          0    0000fffa    00000002     
                  0000fffa    00000002     Sec_Clock.obj (.int13)

NMI        0    0000fffc    00000002     
                  0000fffc    00000002     rts430_eabi.lib : int14.obj (.int14)

.reset     0    0000fffe    00000002     
                  0000fffe    00000002     rts430_eabi.lib : boot.obj (.reset)

MODULE SUMMARY

       Module                     code   ro data   rw data
       ------                     ----   -------   -------
    .\
       main.obj                   110    0         0      
    +--+--------------------------+------+---------+---------+
       Total:                     110    0         0      
                                                          
    .\function\
       LCD_Display.obj            1398   2         15     
       I2C_Key.obj                680    2         5      
       Sec_Clock.obj              398    2         8      
    +--+--------------------------+------+---------+---------+
       Total:                     2476   6         28     
                                                          
    .\src\
       LCD_128.obj                1420   0         16     
       TCA6416A.obj               424    0         4      
       HT1621.obj                 418    0         0      
       I2C.obj                    326    2         7      
       DAC8411.obj                112    0         0      
    +--+--------------------------+------+---------+---------+
       Total:                     2700   2         27     
                                                          
    D:\soft\TI-CCS_IDE\ccsv6\tools\compiler\ti-cgt-msp430_15.12.7.LTS\lib\rts430_eabi.lib
       autoinit.obj               110    0         0      
       copy_decompress_rle.obj    106    0         0      
       cpy_tbl.obj                90     0         0      
       div32u.obj                 88     0         0      
       asr16.obj                  44     0         0      
       div16s.obj                 44     0         0      
       lsl16.obj                  44     0         0      
       boot_special.obj           26     0         0      
       div16u.obj                 22     0         0      
       memset.obj                 20     0         0      
       mult16.obj                 20     0         0      
       copy_decompress_none.obj   18     0         0      
       memcpy.obj                 18     0         0      
       epilog.obj                 16     0         0      
       isr_trap.obj               8      0         0      
       exit.obj                   6      0         0      
       pre_init.obj               4      0         0      
       boot.obj                   0      2         0      
       int00.obj                  0      2         0      
       int02.obj                  0      2         0      
       int03.obj                  0      2         0      
       int05.obj                  0      2         0      
       int07.obj                  0      2         0      
       int08.obj                  0      2         0      
       int11.obj                  0      2         0      
       int12.obj                  0      2         0      
       int14.obj                  0      2         0      
       startup.obj                2      0         0      
    +--+--------------------------+------+---------+---------+
       Total:                     686    20        0      
                                                          
       Stack:                     0      0         80     
       Linker Generated:          0      46        0      
    +--+--------------------------+------+---------+---------+
       Grand Total:               5972   74        135    


LINKER GENERATED COPY TABLES

__TI_cinit_table @ 0000d77a records: 2, size/record: 4, table size: 8
	.data: load addr=0000d754, load size=0000001a bytes, run addr=00000200, run size=00000035 bytes, compression=rle
	.bss: load addr=0000d76e, load size=00000008 bytes, run addr=00000236, run size=00000004 bytes, compression=copy


LINKER GENERATED HANDLER TABLE

__TI_handler_table @ 0000d776 records: 2, size/record: 2, table size: 4
	index: 0, handler: __TI_decompress_rle24
	index: 1, handler: __TI_decompress_none


GLOBAL SYMBOLS: SORTED ALPHABETICALLY BY Name 

address   name                    
-------   ----                    
0000004a  ADC10AE0                
000001b0  ADC10CTL0               
000001b2  ADC10CTL1               
00000048  ADC10DTC0               
00000049  ADC10DTC1               
000001b4  ADC10MEM                
000001bc  ADC10SA                 
0000d218  Alarm                   
0000d648  Alarm_Hour_Add          
0000d65a  Alarm_Hour_Sub          
0000d66c  Alarm_Minute_Add        
0000d67e  Alarm_Minute_Sub        
00000057  BCSCTL1                 
00000058  BCSCTL2                 
00000053  BCSCTL3                 
0000d742  C$$EXIT                 
00000059  CACTL1                  
0000005a  CACTL2                  
000010fb  CALBC1_12MHZ            
000010f9  CALBC1_16MHZ            
000010ff  CALBC1_1MHZ             
000010fd  CALBC1_8MHZ             
000010fa  CALDCO_12MHZ            
000010f8  CALDCO_16MHZ            
000010fe  CALDCO_1MHZ             
000010fc  CALDCO_8MHZ             
0000005b  CAPD                    
0000d50e  Close_Alarm             
0000d2c2  Close_Beep              
0000d60c  DAC8411_Init            
00000056  DCOCTL                  
0000d59e  Day_Add                 
0000d708  Day_Sub                 
0000d006  Display_Alarm           
0000c66e  Display_Date            
0000c94e  Display_Sec_Clock       
0000c53a  Display_Time            
00000128  FCTL1                   
0000012a  FCTL2                   
0000012c  FCTL3                   
0000cc4c  Get_Max_DayNum          
0000ccd6  HT1621_Reflash          
0000d28c  HT1621_SendBit          
0000c86a  HT1621_init             
0000d690  Hour_Add                
0000d716  Hour_Sub                
0000d31e  Hourly_Chime            
0000c76c  I2C_IO11_Onclick        
0000cddc  I2C_IO12_Onclick        
0000ce4c  I2C_IO13_Onclick        
0000ca10  I2C_IODect              
0000d254  I2C_Init                
0000d3ce  I2C_RxFrame             
0000d480  I2C_RxFrame_ISR         
0000d440  I2C_Rx_Init             
00000234  I2C_State               
0000d3f8  I2C_TxFrame             
0000d41e  I2C_TxFrame_ISR         
0000d460  I2C_Tx_Init             
00000000  IE1                     
00000001  IE2                     
00000002  IFG1                    
00000003  IFG2                    
00000200  LCD_Buffer              
0000d5b4  LCD_Clear               
0000d49e  LCD_ClearSeg            
0000c000  LCD_DisplayDigit        
0000d4bc  LCD_DisplaySeg          
0000d6a2  Minute_Add              
0000d724  Minute_Sub              
0000d4da  Month_Add               
0000d5ca  Month_Sub               
0000d526  Open_Alarm              
0000d2f0  Open_Beep               
00000022  P1DIR                   
00000025  P1IE                    
00000024  P1IES                   
00000023  P1IFG                   
00000020  P1IN                    
00000021  P1OUT                   
00000027  P1REN                   
00000026  P1SEL                   
00000041  P1SEL2                  
0000002a  P2DIR                   
0000002d  P2IE                    
0000002c  P2IES                   
0000002b  P2IFG                   
00000028  P2IN                    
00000029  P2OUT                   
0000002f  P2REN                   
0000002e  P2SEL                   
00000042  P2SEL2                  
0000001a  P3DIR                   
00000018  P3IN                    
00000019  P3OUT                   
00000010  P3REN                   
0000001b  P3SEL                   
00000043  P3SEL2                  
0000d188  PinIN                   
0000cb94  PinOUT                  
0000d5e0  Refresh_Sec_Clock       
0000cd5e  Sec_TimeA_ISR           
0000d53e  Sec_TimerA_Init         
0000d6d8  Start_Sec_Clock         
0000d6e8  Stop_Sec_Clock          
00000172  TA0CCR0                 
00000174  TA0CCR1                 
00000176  TA0CCR2                 
00000162  TA0CCTL0                
00000164  TA0CCTL1                
00000166  TA0CCTL2                
00000160  TA0CTL                  
0000012e  TA0IV                   
00000170  TA0R                    
00000192  TA1CCR0                 
00000194  TA1CCR1                 
00000196  TA1CCR2                 
00000182  TA1CCTL0                
00000184  TA1CCTL1                
00000186  TA1CCTL2                
00000180  TA1CTL                  
0000011e  TA1IV                   
00000190  TA1R                    
0000cebc  TCA6416A_Init           
0000022e  TCA6416A_InputBuffer    
0000d556  TCA6416_Rx_Frame        
0000d56e  TCA6416_Tx_Frame        
000010db  TLV_ADC10_1_LEN         
000010da  TLV_ADC10_1_TAG         
000010c0  TLV_CHECKSUM            
000010f7  TLV_DCO_30_LEN          
000010f6  TLV_DCO_30_TAG          
0000cad2  Time_A                  
0000d586  TimerA_Init             
0000005d  UCA0ABCTL               
00000062  UCA0BR0                 
00000063  UCA0BR1                 
00000060  UCA0CTL0                
00000061  UCA0CTL1                
0000005f  UCA0IRRCTL              
0000005e  UCA0IRTCTL              
00000064  UCA0MCTL                
00000066  UCA0RXBUF               
00000065  UCA0STAT                
00000067  UCA0TXBUF               
0000006a  UCB0BR0                 
0000006b  UCB0BR1                 
00000068  UCB0CTL0                
00000069  UCB0CTL1                
0000006c  UCB0I2CIE               
00000118  UCB0I2COA               
0000011a  UCB0I2CSA               
0000006e  UCB0RXBUF               
0000006d  UCB0STAT                
0000006f  UCB0TXBUF               
0000d1da  USCIAB0TX_ISR           
00000120  WDTCTL                  
00000400  __STACK_END             
00000050  __STACK_SIZE            
UNDEFED   __TI_BINIT_Base         
UNDEFED   __TI_BINIT_Limit        
0000d77a  __TI_CINIT_Base         
0000d782  __TI_CINIT_Limit        
0000d776  __TI_Handler_Table_Base 
0000d77a  __TI_Handler_Table_Limit
UNDEFED   __TI_INITARRAY_Base     
UNDEFED   __TI_INITARRAY_Limit    
0000d732  __TI_ISR_TRAP           
0000d6b4  __TI_decompress_none    
0000d748  __TI_decompress_rle24   
0000ffe0  __TI_int00              
0000ffe4  __TI_int02              
0000ffe6  __TI_int03              
0000ffea  __TI_int05              
0000ffec  __TI_int06              
0000ffee  __TI_int07              
0000fff0  __TI_int08              
0000fff2  __TI_int09              
0000fff4  __TI_int10              
0000fff6  __TI_int11              
0000fff8  __TI_int12              
0000fffa  __TI_int13              
0000fffc  __TI_int14              
ffffffff  __TI_pprof_out_hndl     
ffffffff  __TI_prof_data_size     
ffffffff  __TI_prof_data_start    
ffffffff  __c_args__              
0000d376  __mspabi_divi           
0000d5f6  __mspabi_divu           
0000d130  __mspabi_divul          
0000d704  __mspabi_func_epilog_1  
0000d702  __mspabi_func_epilog_2  
0000d700  __mspabi_func_epilog_3  
0000d6fe  __mspabi_func_epilog_4  
0000d6fc  __mspabi_func_epilog_5  
0000d6fa  __mspabi_func_epilog_6  
0000d6f8  __mspabi_func_epilog_7  
0000d634  __mspabi_mpyi           
0000d634  __mspabi_mpyi_sw        
0000d376  __mspabi_remi           
0000d5f6  __mspabi_remu           
0000d130  __mspabi_remul          
0000d3a2  __mspabi_slli           
0000d3ca  __mspabi_slli_1         
0000d3b8  __mspabi_slli_10        
0000d3b6  __mspabi_slli_11        
0000d3b4  __mspabi_slli_12        
0000d3b2  __mspabi_slli_13        
0000d3b0  __mspabi_slli_14        
0000d3ae  __mspabi_slli_15        
0000d3c8  __mspabi_slli_2         
0000d3c6  __mspabi_slli_3         
0000d3c4  __mspabi_slli_4         
0000d3c2  __mspabi_slli_5         
0000d3c0  __mspabi_slli_6         
0000d3be  __mspabi_slli_7         
0000d3bc  __mspabi_slli_8         
0000d3ba  __mspabi_slli_9         
0000d34a  __mspabi_srai           
0000d372  __mspabi_srai_1         
0000d360  __mspabi_srai_10        
0000d35e  __mspabi_srai_11        
0000d35c  __mspabi_srai_12        
0000d35a  __mspabi_srai_13        
0000d358  __mspabi_srai_14        
0000d356  __mspabi_srai_15        
0000d370  __mspabi_srai_2         
0000d36e  __mspabi_srai_3         
0000d36c  __mspabi_srai_4         
0000d36a  __mspabi_srai_5         
0000d368  __mspabi_srai_6         
0000d366  __mspabi_srai_7         
0000d364  __mspabi_srai_8         
0000d362  __mspabi_srai_9         
0000cf2a  _auto_init              
0000d4f4  _c_int00_noargs_noexit  
0000fffe  _reset_vector           
000003b0  _stack                  
0000d752  _system_post_cinit      
0000d74e  _system_pre_init        
0000d742  abort                   
0000021e  alarm_flag              
0000021c  alarm_hour              
0000021d  alarm_minute            
0000d0d6  copy_in                 
00000224  cur_min_num             
00000222  cur_ms_num              
00000223  cur_sec_num             
00000217  day                     
00000210  flag                    
00000219  hour                    
0000cf98  main                    
00000218  max_day_num             
0000d6c6  memcpy                  
0000d620  memset                  
00000221  min_num                 
0000021a  minute                  
00000216  month                   
0000021f  ms_num                  
00000226  run_flag                
00000225  sec_flag                
00000220  sec_num                 
0000021b  second                  
0000d73a  watchdog_timer          
00000212  year                    


GLOBAL SYMBOLS: SORTED BY Symbol Address 

address   name                    
-------   ----                    
00000000  IE1                     
00000001  IE2                     
00000002  IFG1                    
00000003  IFG2                    
00000010  P3REN                   
00000018  P3IN                    
00000019  P3OUT                   
0000001a  P3DIR                   
0000001b  P3SEL                   
00000020  P1IN                    
00000021  P1OUT                   
00000022  P1DIR                   
00000023  P1IFG                   
00000024  P1IES                   
00000025  P1IE                    
00000026  P1SEL                   
00000027  P1REN                   
00000028  P2IN                    
00000029  P2OUT                   
0000002a  P2DIR                   
0000002b  P2IFG                   
0000002c  P2IES                   
0000002d  P2IE                    
0000002e  P2SEL                   
0000002f  P2REN                   
00000041  P1SEL2                  
00000042  P2SEL2                  
00000043  P3SEL2                  
00000048  ADC10DTC0               
00000049  ADC10DTC1               
0000004a  ADC10AE0                
00000050  __STACK_SIZE            
00000053  BCSCTL3                 
00000056  DCOCTL                  
00000057  BCSCTL1                 
00000058  BCSCTL2                 
00000059  CACTL1                  
0000005a  CACTL2                  
0000005b  CAPD                    
0000005d  UCA0ABCTL               
0000005e  UCA0IRTCTL              
0000005f  UCA0IRRCTL              
00000060  UCA0CTL0                
00000061  UCA0CTL1                
00000062  UCA0BR0                 
00000063  UCA0BR1                 
00000064  UCA0MCTL                
00000065  UCA0STAT                
00000066  UCA0RXBUF               
00000067  UCA0TXBUF               
00000068  UCB0CTL0                
00000069  UCB0CTL1                
0000006a  UCB0BR0                 
0000006b  UCB0BR1                 
0000006c  UCB0I2CIE               
0000006d  UCB0STAT                
0000006e  UCB0RXBUF               
0000006f  UCB0TXBUF               
00000118  UCB0I2COA               
0000011a  UCB0I2CSA               
0000011e  TA1IV                   
00000120  WDTCTL                  
00000128  FCTL1                   
0000012a  FCTL2                   
0000012c  FCTL3                   
0000012e  TA0IV                   
00000160  TA0CTL                  
00000162  TA0CCTL0                
00000164  TA0CCTL1                
00000166  TA0CCTL2                
00000170  TA0R                    
00000172  TA0CCR0                 
00000174  TA0CCR1                 
00000176  TA0CCR2                 
00000180  TA1CTL                  
00000182  TA1CCTL0                
00000184  TA1CCTL1                
00000186  TA1CCTL2                
00000190  TA1R                    
00000192  TA1CCR0                 
00000194  TA1CCR1                 
00000196  TA1CCR2                 
000001b0  ADC10CTL0               
000001b2  ADC10CTL1               
000001b4  ADC10MEM                
000001bc  ADC10SA                 
00000200  LCD_Buffer              
00000210  flag                    
00000212  year                    
00000216  month                   
00000217  day                     
00000218  max_day_num             
00000219  hour                    
0000021a  minute                  
0000021b  second                  
0000021c  alarm_hour              
0000021d  alarm_minute            
0000021e  alarm_flag              
0000021f  ms_num                  
00000220  sec_num                 
00000221  min_num                 
00000222  cur_ms_num              
00000223  cur_sec_num             
00000224  cur_min_num             
00000225  sec_flag                
00000226  run_flag                
0000022e  TCA6416A_InputBuffer    
00000234  I2C_State               
000003b0  _stack                  
00000400  __STACK_END             
000010c0  TLV_CHECKSUM            
000010da  TLV_ADC10_1_TAG         
000010db  TLV_ADC10_1_LEN         
000010f6  TLV_DCO_30_TAG          
000010f7  TLV_DCO_30_LEN          
000010f8  CALDCO_16MHZ            
000010f9  CALBC1_16MHZ            
000010fa  CALDCO_12MHZ            
000010fb  CALBC1_12MHZ            
000010fc  CALDCO_8MHZ             
000010fd  CALBC1_8MHZ             
000010fe  CALDCO_1MHZ             
000010ff  CALBC1_1MHZ             
0000c000  LCD_DisplayDigit        
0000c53a  Display_Time            
0000c66e  Display_Date            
0000c76c  I2C_IO11_Onclick        
0000c86a  HT1621_init             
0000c94e  Display_Sec_Clock       
0000ca10  I2C_IODect              
0000cad2  Time_A                  
0000cb94  PinOUT                  
0000cc4c  Get_Max_DayNum          
0000ccd6  HT1621_Reflash          
0000cd5e  Sec_TimeA_ISR           
0000cddc  I2C_IO12_Onclick        
0000ce4c  I2C_IO13_Onclick        
0000cebc  TCA6416A_Init           
0000cf2a  _auto_init              
0000cf98  main                    
0000d006  Display_Alarm           
0000d0d6  copy_in                 
0000d130  __mspabi_divul          
0000d130  __mspabi_remul          
0000d188  PinIN                   
0000d1da  USCIAB0TX_ISR           
0000d218  Alarm                   
0000d254  I2C_Init                
0000d28c  HT1621_SendBit          
0000d2c2  Close_Beep              
0000d2f0  Open_Beep               
0000d31e  Hourly_Chime            
0000d34a  __mspabi_srai           
0000d356  __mspabi_srai_15        
0000d358  __mspabi_srai_14        
0000d35a  __mspabi_srai_13        
0000d35c  __mspabi_srai_12        
0000d35e  __mspabi_srai_11        
0000d360  __mspabi_srai_10        
0000d362  __mspabi_srai_9         
0000d364  __mspabi_srai_8         
0000d366  __mspabi_srai_7         
0000d368  __mspabi_srai_6         
0000d36a  __mspabi_srai_5         
0000d36c  __mspabi_srai_4         
0000d36e  __mspabi_srai_3         
0000d370  __mspabi_srai_2         
0000d372  __mspabi_srai_1         
0000d376  __mspabi_divi           
0000d376  __mspabi_remi           
0000d3a2  __mspabi_slli           
0000d3ae  __mspabi_slli_15        
0000d3b0  __mspabi_slli_14        
0000d3b2  __mspabi_slli_13        
0000d3b4  __mspabi_slli_12        
0000d3b6  __mspabi_slli_11        
0000d3b8  __mspabi_slli_10        
0000d3ba  __mspabi_slli_9         
0000d3bc  __mspabi_slli_8         
0000d3be  __mspabi_slli_7         
0000d3c0  __mspabi_slli_6         
0000d3c2  __mspabi_slli_5         
0000d3c4  __mspabi_slli_4         
0000d3c6  __mspabi_slli_3         
0000d3c8  __mspabi_slli_2         
0000d3ca  __mspabi_slli_1         
0000d3ce  I2C_RxFrame             
0000d3f8  I2C_TxFrame             
0000d41e  I2C_TxFrame_ISR         
0000d440  I2C_Rx_Init             
0000d460  I2C_Tx_Init             
0000d480  I2C_RxFrame_ISR         
0000d49e  LCD_ClearSeg            
0000d4bc  LCD_DisplaySeg          
0000d4da  Month_Add               
0000d4f4  _c_int00_noargs_noexit  
0000d50e  Close_Alarm             
0000d526  Open_Alarm              
0000d53e  Sec_TimerA_Init         
0000d556  TCA6416_Rx_Frame        
0000d56e  TCA6416_Tx_Frame        
0000d586  TimerA_Init             
0000d59e  Day_Add                 
0000d5b4  LCD_Clear               
0000d5ca  Month_Sub               
0000d5e0  Refresh_Sec_Clock       
0000d5f6  __mspabi_divu           
0000d5f6  __mspabi_remu           
0000d60c  DAC8411_Init            
0000d620  memset                  
0000d634  __mspabi_mpyi           
0000d634  __mspabi_mpyi_sw        
0000d648  Alarm_Hour_Add          
0000d65a  Alarm_Hour_Sub          
0000d66c  Alarm_Minute_Add        
0000d67e  Alarm_Minute_Sub        
0000d690  Hour_Add                
0000d6a2  Minute_Add              
0000d6b4  __TI_decompress_none    
0000d6c6  memcpy                  
0000d6d8  Start_Sec_Clock         
0000d6e8  Stop_Sec_Clock          
0000d6f8  __mspabi_func_epilog_7  
0000d6fa  __mspabi_func_epilog_6  
0000d6fc  __mspabi_func_epilog_5  
0000d6fe  __mspabi_func_epilog_4  
0000d700  __mspabi_func_epilog_3  
0000d702  __mspabi_func_epilog_2  
0000d704  __mspabi_func_epilog_1  
0000d708  Day_Sub                 
0000d716  Hour_Sub                
0000d724  Minute_Sub              
0000d732  __TI_ISR_TRAP           
0000d73a  watchdog_timer          
0000d742  C$$EXIT                 
0000d742  abort                   
0000d748  __TI_decompress_rle24   
0000d74e  _system_pre_init        
0000d752  _system_post_cinit      
0000d776  __TI_Handler_Table_Base 
0000d77a  __TI_CINIT_Base         
0000d77a  __TI_Handler_Table_Limit
0000d782  __TI_CINIT_Limit        
0000ffe0  __TI_int00              
0000ffe4  __TI_int02              
0000ffe6  __TI_int03              
0000ffea  __TI_int05              
0000ffec  __TI_int06              
0000ffee  __TI_int07              
0000fff0  __TI_int08              
0000fff2  __TI_int09              
0000fff4  __TI_int10              
0000fff6  __TI_int11              
0000fff8  __TI_int12              
0000fffa  __TI_int13              
0000fffc  __TI_int14              
0000fffe  _reset_vector           
ffffffff  __TI_pprof_out_hndl     
ffffffff  __TI_prof_data_size     
ffffffff  __TI_prof_data_start    
ffffffff  __c_args__              
UNDEFED   __TI_BINIT_Base         
UNDEFED   __TI_BINIT_Limit        
UNDEFED   __TI_INITARRAY_Base     
UNDEFED   __TI_INITARRAY_Limit    

[265 symbols]
